<html>
<body>
<pre>
<h1>µVision Build Log</h1>
<h2>Tool Versions:</h2>
IDE-Version: ¦ÌVision V5.42.0.0
Copyright (C) 2025 ARM Ltd and ARM Germany GmbH. All rights reserved.
License Information: 12 Xingle0113@163.com, 23, LIC=MPPLD-86QLS-PC6J8-3IZRA-EQB69-Z90GL
 
Tool Versions:
Toolchain:       MDK-ARM Plus  Version: 5.42.0.0
Toolchain Path:  D:\tool\Keil_v5\ARM\ARMCC\Bin
C Compiler:      Armcc.exe V5.06 update 7 (build 960)
Assembler:       Armasm.exe V5.06 update 7 (build 960)
Linker/Locator:  ArmLink.exe V5.06 update 7 (build 960)
Library Manager: ArmAr.exe V5.06 update 7 (build 960)
Hex Converter:   FromElf.exe V5.06 update 7 (build 960)
CPU DLL:         SARMCM3.DLL V5.42.0.0
Dialog DLL:      DCM.DLL V1.17.5.0
Target DLL:      CMSIS_AGDI.dll V1.33.22.0
Dialog DLL:      TCM.DLL V1.56.6.0
 
<h2>Project:</h2>
D:\docu\redirect\HanDongLab\SubControl\MDK-ARM\SubControl.uvprojx
Project File Date:  04/01/2026

<h2>Output:</h2>
*** Using Compiler 'V5.06 update 7 (build 960)', folder: 'D:\tool\Keil_v5\ARM\ARMCC\Bin'
Build target 'SubControl'
assembling startup_stm32h723xx.s...
compiling stm32h7xx_hal_flash_ex.c...
compiling stm32h7xx_it.c...
compiling stm32h7xx_hal.c...
compiling i2c.c...
compiling spi.c...
compiling stm32h7xx_hal_gpio.c...
compiling stm32h7xx_hal_pwr.c...
compiling PID_MODEL_SYSTEM.c...
compiling usart.c...
compiling stm32h7xx_hal_mdma.c...
compiling gpio.c...
compiling stm32h7xx_hal_hsem.c...
compiling stm32h7xx_hal_cortex.c...
compiling stm32h7xx_hal_msp.c...
compiling main.c...
compiling stm32h7xx_hal_i2c_ex.c...
compiling stm32h7xx_hal_spi_ex.c...
compiling stm32h7xx_hal_exti.c...
compiling fdcan.c...
compiling stm32h7xx_hal_timebase_tim.c...
compiling tim.c...
compiling stm32h7xx_hal_spi.c...
compiling stm32h7xx_hal_fdcan.c...
compiling stm32h7xx_hal_tim_ex.c...
compiling stm32h7xx_hal_flash.c...
compiling stm32h7xx_hal_dma_ex.c...
compiling stm32h7xx_hal_i2c.c...
compiling stm32h7xx_hal_tim.c...
compiling stm32h7xx_hal_rcc_ex.c...
compiling stm32h7xx_hal_rcc.c...
compiling stm32h7xx_hal_pwr_ex.c...
compiling stm32h7xx_hal_dma.c...
compiling system_stm32h7xx.c...
compiling bsp_dji.c...
compiling stm32h7xx_hal_uart_ex.c...
compiling bsp_fdcan.c...
compiling bsp_dm_drv.c...
compiling bsp_dm_ctrl.c...
..\User\bsp_motor_ric\bsp_dm_ctrl.c(11): warning:  #186-D: pointless comparison of unsigned integer with zero
    if(can_id < CAN_ID_DM_M0 || can_id > CAN_ID_DM_M7) return;
..\User\bsp_motor_ric\bsp_dm_ctrl.c: 1 warning, 0 errors
compiling bsp_vesc.c...
compiling bsp_matlab_ctrl.c...
compiling bsp_subcontrol.c...
compiling bsp_robstride.c...
..\User\bsp_motor_ric\bsp_robstride.c(438): warning:  #186-D: pointless comparison of unsigned integer with zero
          series < 0          || series > 6           ||
..\User\bsp_motor_ric\bsp_robstride.c(439): warning:  #186-D: pointless comparison of unsigned integer with zero
          mode < 0            || mode > 5                 ) 
..\User\bsp_motor_ric\bsp_robstride.c: 2 warnings, 0 errors
compiling stm32h7xx_hal_uart.c...
linking...
Program Size: Code=41264 RO-data=896 RW-data=68 ZI-data=15388  
FromELF: creating hex file...
"SubControl\SubControl.axf" - 0 Error(s), 3 Warning(s).

<h2>Software Packages used:</h2>

Package Vendor: ARM
                https://www.keil.com/pack/ARM.CMSIS.6.1.0.pack
                ARM::CMSIS@6.1.0
                CMSIS (Common Microcontroller Software Interface Standard)
   * Component: CORE Version: 6.1.0

Package Vendor: Keil
                https://www.keil.com/pack/Keil.STM32H7xx_DFP.4.1.0.pack
                Keil::STM32H7xx_DFP@4.1.0
                STMicroelectronics STM32H7 Series Device Support

<h2>Collection of Component include folders:</h2>
  ./RTE/_SubControl
  D:/docu/Keil_v5/ARM/CMSIS/6.1.0/CMSIS/Core/Include

<h2>Collection of Component Files used:</h2>

   * Component: ARM::CMSIS:CORE@6.1.0
      Include file:  CMSIS/Core/Include/tz_context.h
Build Time Elapsed:  00:00:33
</pre>
</body>
</html>
