Component: ARM Compiler 5.06 update 7 (build 960) Tool: armlink [4d3601]

==============================================================================

Section Cross References

    startup_stm32h723xx.o(STACK) refers (Special) to heapauxi.o(.text) for __use_two_region_memory
    startup_stm32h723xx.o(HEAP) refers (Special) to heapauxi.o(.text) for __use_two_region_memory
    startup_stm32h723xx.o(RESET) refers (Special) to heapauxi.o(.text) for __use_two_region_memory
    startup_stm32h723xx.o(RESET) refers to startup_stm32h723xx.o(STACK) for __initial_sp
    startup_stm32h723xx.o(RESET) refers to startup_stm32h723xx.o(.text) for Reset_Handler
    startup_stm32h723xx.o(RESET) refers to stm32h7xx_it.o(i.NMI_Handler) for NMI_Handler
    startup_stm32h723xx.o(RESET) refers to stm32h7xx_it.o(i.HardFault_Handler) for HardFault_Handler
    startup_stm32h723xx.o(RESET) refers to stm32h7xx_it.o(i.MemManage_Handler) for MemManage_Handler
    startup_stm32h723xx.o(RESET) refers to stm32h7xx_it.o(i.BusFault_Handler) for BusFault_Handler
    startup_stm32h723xx.o(RESET) refers to stm32h7xx_it.o(i.UsageFault_Handler) for UsageFault_Handler
    startup_stm32h723xx.o(RESET) refers to stm32h7xx_it.o(i.SVC_Handler) for SVC_Handler
    startup_stm32h723xx.o(RESET) refers to stm32h7xx_it.o(i.DebugMon_Handler) for DebugMon_Handler
    startup_stm32h723xx.o(RESET) refers to stm32h7xx_it.o(i.PendSV_Handler) for PendSV_Handler
    startup_stm32h723xx.o(RESET) refers to stm32h7xx_it.o(i.SysTick_Handler) for SysTick_Handler
    startup_stm32h723xx.o(RESET) refers to stm32h7xx_it.o(i.FDCAN1_IT0_IRQHandler) for FDCAN1_IT0_IRQHandler
    startup_stm32h723xx.o(RESET) refers to stm32h7xx_it.o(i.FDCAN2_IT0_IRQHandler) for FDCAN2_IT0_IRQHandler
    startup_stm32h723xx.o(RESET) refers to stm32h7xx_it.o(i.FDCAN1_IT1_IRQHandler) for FDCAN1_IT1_IRQHandler
    startup_stm32h723xx.o(RESET) refers to stm32h7xx_it.o(i.FDCAN2_IT1_IRQHandler) for FDCAN2_IT1_IRQHandler
    startup_stm32h723xx.o(RESET) refers to stm32h7xx_it.o(i.TIM1_UP_IRQHandler) for TIM1_UP_IRQHandler
    startup_stm32h723xx.o(RESET) refers to stm32h7xx_it.o(i.USART1_IRQHandler) for USART1_IRQHandler
    startup_stm32h723xx.o(RESET) refers to stm32h7xx_it.o(i.USART2_IRQHandler) for USART2_IRQHandler
    startup_stm32h723xx.o(RESET) refers to stm32h7xx_it.o(i.USART3_IRQHandler) for USART3_IRQHandler
    startup_stm32h723xx.o(RESET) refers to stm32h7xx_it.o(i.TIM6_DAC_IRQHandler) for TIM6_DAC_IRQHandler
    startup_stm32h723xx.o(RESET) refers to stm32h7xx_it.o(i.TIM7_IRQHandler) for TIM7_IRQHandler
    startup_stm32h723xx.o(RESET) refers to stm32h7xx_it.o(i.USART10_IRQHandler) for USART10_IRQHandler
    startup_stm32h723xx.o(RESET) refers to stm32h7xx_it.o(i.FDCAN3_IT0_IRQHandler) for FDCAN3_IT0_IRQHandler
    startup_stm32h723xx.o(RESET) refers to stm32h7xx_it.o(i.FDCAN3_IT1_IRQHandler) for FDCAN3_IT1_IRQHandler
    startup_stm32h723xx.o(.text) refers (Special) to heapauxi.o(.text) for __use_two_region_memory
    startup_stm32h723xx.o(.text) refers to system_stm32h7xx.o(i.SystemInit) for SystemInit
    startup_stm32h723xx.o(.text) refers to __main.o(!!!main) for __main
    startup_stm32h723xx.o(.text) refers to startup_stm32h723xx.o(HEAP) for Heap_Mem
    startup_stm32h723xx.o(.text) refers to startup_stm32h723xx.o(STACK) for Stack_Mem
    main.o(i.HAL_TIM_PeriodElapsedCallback) refers to stm32h7xx_hal.o(i.HAL_IncTick) for HAL_IncTick
    main.o(i.HAL_TIM_PeriodElapsedCallback) refers to bsp_matlab_ctrl.o(i.matlab_motor_inport_update) for matlab_motor_inport_update
    main.o(i.HAL_TIM_PeriodElapsedCallback) refers to pid_model_system.o(i.PID_MODEL_SYSTEM_step) for PID_MODEL_SYSTEM_step
    main.o(i.HAL_TIM_PeriodElapsedCallback) refers to bsp_matlab_ctrl.o(i.matlab_motor_outport_update) for matlab_motor_outport_update
    main.o(i.HAL_TIM_PeriodElapsedCallback) refers to bsp_dji.o(i.fdcan_send_dji) for fdcan_send_dji
    main.o(i.HAL_TIM_PeriodElapsedCallback) refers to bsp_dm_ctrl.o(i.dm_motor_ctrl_send) for dm_motor_ctrl_send
    main.o(i.HAL_TIM_PeriodElapsedCallback) refers to bsp_vesc.o(i.fdcan_send_vesc) for fdcan_send_vesc
    main.o(i.HAL_TIM_PeriodElapsedCallback) refers to stm32h7xx_hal_gpio.o(i.HAL_GPIO_TogglePin) for HAL_GPIO_TogglePin
    main.o(i.HAL_TIM_PeriodElapsedCallback) refers to bsp_robstride.o(i.robstride_command_update_all) for robstride_command_update_all
    main.o(i.HAL_TIM_PeriodElapsedCallback) refers to bsp_subcontrol.o(i.subcontrol_transmit) for subcontrol_transmit
    main.o(i.HAL_TIM_PeriodElapsedCallback) refers to bsp_subcontrol.o(.bss) for subcontroller
    main.o(i.HAL_TIM_PeriodElapsedCallback) refers to bsp_dji.o(.bss) for motor_dji
    main.o(i.HAL_TIM_PeriodElapsedCallback) refers to fdcan.o(.bss) for hfdcan1
    main.o(i.HAL_TIM_PeriodElapsedCallback) refers to bsp_dm_ctrl.o(.bss) for motor_dm
    main.o(i.HAL_TIM_PeriodElapsedCallback) refers to bsp_vesc.o(.bss) for motor_vesc
[...]
    _fp_trap_init                             - Undefined Weak Reference
    _fp_trap_shutdown                         - Undefined Weak Reference
    _get_lc_collate                           - Undefined Weak Reference
    _get_lc_ctype                             - Undefined Weak Reference
    _get_lc_monetary                          - Undefined Weak Reference
    _get_lc_numeric                           - Undefined Weak Reference
    _get_lc_time                              - Undefined Weak Reference
    _getenv_init                              - Undefined Weak Reference
    _handle_redirection                       - Undefined Weak Reference
    _init_alloc                               - Undefined Weak Reference
    _init_user_alloc                          - Undefined Weak Reference
    _initio                                   - Undefined Weak Reference
    _rand_init                                - Undefined Weak Reference
    _signal_finish                            - Undefined Weak Reference
    _signal_init                              - Undefined Weak Reference
    _terminate_alloc                          - Undefined Weak Reference
    _terminate_user_alloc                     - Undefined Weak Reference
    _terminateio                              - Undefined Weak Reference
    __Vectors_Size                           0x000002cc   Number         0  startup_stm32h723xx.o ABSOLUTE
    __Vectors                                0x08000000   Data           4  startup_stm32h723xx.o(RESET)
    __Vectors_End                            0x080002cc   Data           0  startup_stm32h723xx.o(RESET)
    __main                                   0x080002cd   Thumb Code     8  __main.o(!!!main)
    __scatterload                            0x080002d5   Thumb Code     0  __scatter.o(!!!scatter)
    __scatterload_rt2                        0x080002d5   Thumb Code    44  __scatter.o(!!!scatter)
    __scatterload_rt2_thumb_only             0x080002d5   Thumb Code     0  __scatter.o(!!!scatter)
    __scatterload_null                       0x080002e3   Thumb Code     0  __scatter.o(!!!scatter)
    __scatterload_copy                       0x08000309   Thumb Code    26  __scatter_copy.o(!!handler_copy)
    __scatterload_zeroinit                   0x08000325   Thumb Code    28  __scatter_zi.o(!!handler_zi)
    __rt_lib_init                            0x08000341   Thumb Code     0  libinit.o(.ARM.Collect$$libinit$$00000000)
    __rt_lib_init_fp_1                       0x08000343   Thumb Code     0  libinit2.o(.ARM.Collect$$libinit$$00000001)
    __rt_lib_init_alloca_1                   0x08000347   Thumb Code     0  libinit2.o(.ARM.Collect$$libinit$$0000002E)
    __rt_lib_init_argv_1                     0x08000347   Thumb Code     0  libinit2.o(.ARM.Collect$$libinit$$0000002C)
    __rt_lib_init_atexit_1                   0x08000347   Thumb Code     0  libinit2.o(.ARM.Collect$$libinit$$0000001B)
    __rt_lib_init_clock_1                    0x08000347   Thumb Code     0  libinit2.o(.ARM.Collect$$libinit$$00000021)
    __rt_lib_init_cpp_1                      0x08000347   Thumb Code     0  libinit2.o(.ARM.Collect$$libinit$$00000032)
    __rt_lib_init_exceptions_1               0x08000347   Thumb Code     0  libinit2.o(.ARM.Collect$$libinit$$00000030)
    __rt_lib_init_fp_trap_1                  0x08000347   Thumb Code     0  libinit2.o(.ARM.Collect$$libinit$$0000001F)
    __rt_lib_init_getenv_1                   0x08000347   Thumb Code     0  libinit2.o(.ARM.Collect$$libinit$$00000023)
    __rt_lib_init_heap_1                     0x08000347   Thumb Code     0  libinit2.o(.ARM.Collect$$libinit$$0000000A)
    __rt_lib_init_lc_collate_1               0x08000347   Thumb Code     0  libinit2.o(.ARM.Collect$$libinit$$00000011)
    __rt_lib_init_lc_ctype_1                 0x08000347   Thumb Code     0  libinit2.o(.ARM.Collect$$libinit$$00000013)
    __rt_lib_init_lc_monetary_1              0x08000347   Thumb Code     0  libinit2.o(.ARM.Collect$$libinit$$00000015)
    __rt_lib_init_lc_numeric_1               0x08000347   Thumb Code     0  libinit2.o(.ARM.Collect$$libinit$$00000017)
    __rt_lib_init_lc_time_1                  0x08000347   Thumb Code     0  libinit2.o(.ARM.Collect$$libinit$$00000019)
    __rt_lib_init_preinit_1                  0x08000347   Thumb Code     0  libinit2.o(.ARM.Collect$$libinit$$00000004)
    __rt_lib_init_rand_1                     0x08000347   Thumb Code     0  libinit2.o(.ARM.Collect$$libinit$$0000000E)
    __rt_lib_init_return                     0x08000347   Thumb Code     0  libinit2.o(.ARM.Collect$$libinit$$00000033)
    __rt_lib_init_signal_1                   0x08000347   Thumb Code     0  libinit2.o(.ARM.Collect$$libinit$$0000001D)
    __rt_lib_init_stdio_1                    0x08000347   Thumb Code     0  libinit2.o(.ARM.Collect$$libinit$$00000025)
    __rt_lib_init_user_alloc_1               0x08000347   Thumb Code     0  libinit2.o(.ARM.Collect$$libinit$$0000000C)
    __rt_lib_shutdown                        0x08000349   Thumb Code     0  libshutdown.o(.ARM.Collect$$libshutdown$$00000000)
    __rt_lib_shutdown_cpp_1                  0x0800034b   Thumb Code     0  libshutdown2.o(.ARM.Collect$$libshutdown$$00000004)
    __rt_lib_shutdown_fini_1                 0x0800034b   Thumb Code     0  libshutdown2.o(.ARM.Collect$$libshutdown$$00000002)
    __rt_lib_shutdown_fp_trap_1              0x0800034b   Thumb Code     0  libshutdown2.o(.ARM.Collect$$libshutdown$$00000009)
    __rt_lib_shutdown_heap_1                 0x0800034b   Thumb Code     0  libshutdown2.o(.ARM.Collect$$libshutdown$$00000011)
    __rt_lib_shutdown_return                 0x0800034b   Thumb Code     0  libshutdown2.o(.ARM.Collect$$libshutdown$$00000012)
    __rt_lib_shutdown_signal_1               0x0800034b   Thumb Code     0  libshutdown2.o(.ARM.Collect$$libshutdown$$0000000C)
    __rt_lib_shutdown_stdio_1                0x0800034b   Thumb Code     0  libshutdown2.o(.ARM.Collect$$libshutdown$$00000006)
    __rt_lib_shutdown_user_alloc_1           0x0800034b   Thumb Code     0  libshutdown2.o(.ARM.Collect$$libshutdown$$0000000E)
    __rt_entry                               0x0800034d   Thumb Code     0  __rtentry.o(.ARM.Collect$$rtentry$$00000000)
    __rt_entry_presh_1                       0x0800034d   Thumb Code     0  __rtentry2.o(.ARM.Collect$$rtentry$$00000002)
    __rt_entry_sh                            0x0800034d   Thumb Code     0  __rtentry4.o(.ARM.Collect$$rtentry$$00000004)
    __rt_entry_li                            0x08000353   Thumb Code     0  __rtentry2.o(.ARM.Collect$$rtentry$$0000000A)
    __rt_entry_postsh_1                      0x08000353   Thumb Code     0  __rtentry2.o(.ARM.Collect$$rtentry$$00000009)
    __rt_entry_main                          0x08000357   Thumb Code     0  __rtentry2.o(.ARM.Collect$$rtentry$$0000000D)
    __rt_entry_postli_1                      0x08000357   Thumb Code     0  __rtentry2.o(.ARM.Collect$$rtentry$$0000000C)
    __rt_exit                                0x0800035f   Thumb Code     0  rtexit.o(.ARM.Collect$$rtexit$$00000000)
    __rt_exit_ls                             0x08000361   Thumb Code     0  rtexit2.o(.ARM.Collect$$rtexit$$00000003)
    __rt_exit_prels_1                        0x08000361   Thumb Code     0  rtexit2.o(.ARM.Collect$$rtexit$$00000002)
    __rt_exit_exit                           0x08000365   Thumb Code     0  rtexit2.o(.ARM.Collect$$rtexit$$00000004)
    Reset_Handler                            0x0800036d   Thumb Code     8  startup_stm32h723xx.o(.text)
    ADC3_IRQHandler                          0x08000387   Thumb Code     0  startup_stm32h723xx.o(.text)
    ADC_IRQHandler                           0x08000387   Thumb Code     0  startup_stm32h723xx.o(.text)
    BDMA_Channel0_IRQHandler                 0x08000387   Thumb Code     0  startup_stm32h723xx.o(.text)
    BDMA_Channel1_IRQHandler                 0x08000387   Thumb Code     0  startup_stm32h723xx.o(.text)
    BDMA_Channel2_IRQHandler                 0x08000387   Thumb Code     0  startup_stm32h723xx.o(.text)
    BDMA_Channel3_IRQHandler                 0x08000387   Thumb Code     0  startup_stm32h723xx.o(.text)
    BDMA_Channel4_IRQHandler                 0x08000387   Thumb Code     0  startup_stm32h723xx.o(.text)
    BDMA_Channel5_IRQHandler                 0x08000387   Thumb Code     0  startup_stm32h723xx.o(.text)
    BDMA_Channel6_IRQHandler                 0x08000387   Thumb Code     0  startup_stm32h723xx.o(.text)
    BDMA_Channel7_IRQHandler                 0x08000387   Thumb Code     0  startup_stm32h723xx.o(.text)
    CEC_IRQHandler                           0x08000387   Thumb Code     0  startup_stm32h723xx.o(.text)
    COMP1_IRQHandler                         0x08000387   Thumb Code     0  startup_stm32h723xx.o(.text)
    CORDIC_IRQHandler                        0x08000387   Thumb Code     0  startup_stm32h723xx.o(.text)
    CRS_IRQHandler                           0x08000387   Thumb Code     0  startup_stm32h723xx.o(.text)
    DCMI_PSSI_IRQHandler                     0x08000387   Thumb Code     0  startup_stm32h723xx.o(.text)
    DFSDM1_FLT0_IRQHandler                   0x08000387   Thumb Code     0  startup_stm32h723xx.o(.text)
    DFSDM1_FLT1_IRQHandler                   0x08000387   Thumb Code     0  startup_stm32h723xx.o(.text)
    DFSDM1_FLT2_IRQHandler                   0x08000387   Thumb Code     0  startup_stm32h723xx.o(.text)
    DFSDM1_FLT3_IRQHandler                   0x08000387   Thumb Code     0  startup_stm32h723xx.o(.text)
    DMA1_Stream0_IRQHandler                  0x08000387   Thumb Code     0  startup_stm32h723xx.o(.text)
    DMA1_Stream1_IRQHandler                  0x08000387   Thumb Code     0  startup_stm32h723xx.o(.text)
    DMA1_Stream2_IRQHandler                  0x08000387   Thumb Code     0  startup_stm32h723xx.o(.text)
    DMA1_Stream3_IRQHandler                  0x08000387   Thumb Code     0  startup_stm32h723xx.o(.text)
    DMA1_Stream4_IRQHandler                  0x08000387   Thumb Code     0  startup_stm32h723xx.o(.text)
    DMA1_Stream5_IRQHandler                  0x08000387   Thumb Code     0  startup_stm32h723xx.o(.text)
    DMA1_Stream6_IRQHandler                  0x08000387   Thumb Code     0  startup_stm32h723xx.o(.text)
    DMA1_Stream7_IRQHandler                  0x08000387   Thumb Code     0  startup_stm32h723xx.o(.text)
    DMA2D_IRQHandler                         0x08000387   Thumb Code     0  startup_stm32h723xx.o(.text)
    DMA2_Stream0_IRQHandler                  0x08000387   Thumb Code     0  startup_stm32h723xx.o(.text)
    DMA2_Stream1_IRQHandler                  0x08000387   Thumb Code     0  startup_stm32h723xx.o(.text)
    DMA2_Stream2_IRQHandler                  0x08000387   Thumb Code     0  startup_stm32h723xx.o(.text)
    DMA2_Stream3_IRQHandler                  0x08000387   Thumb Code     0  startup_stm32h723xx.o(.text)
    DMA2_Stream4_IRQHandler                  0x08000387   Thumb Code     0  startup_stm32h723xx.o(.text)
    DMA2_Stream5_IRQHandler                  0x08000387   Thumb Code     0  startup_stm32h723xx.o(.text)
    DMA2_Stream6_IRQHandler                  0x08000387   Thumb Code     0  startup_stm32h723xx.o(.text)
    DMA2_Stream7_IRQHandler                  0x08000387   Thumb Code     0  startup_stm32h723xx.o(.text)
    DMAMUX1_OVR_IRQHandler                   0x08000387   Thumb Code     0  startup_stm32h723xx.o(.text)
    DMAMUX2_OVR_IRQHandler                   0x08000387   Thumb Code     0  startup_stm32h723xx.o(.text)
    DTS_IRQHandler                           0x08000387   Thumb Code     0  startup_stm32h723xx.o(.text)
    ECC_IRQHandler                           0x08000387   Thumb Code     0  startup_stm32h723xx.o(.text)
    ETH_IRQHandler                           0x08000387   Thumb Code     0  startup_stm32h723xx.o(.text)
    ETH_WKUP_IRQHandler                      0x08000387   Thumb Code     0  startup_stm32h723xx.o(.text)
    EXTI0_IRQHandler                         0x08000387   Thumb Code     0  startup_stm32h723xx.o(.text)
    EXTI15_10_IRQHandler                     0x08000387   Thumb Code     0  startup_stm32h723xx.o(.text)
    EXTI1_IRQHandler                         0x08000387   Thumb Code     0  startup_stm32h723xx.o(.text)
    EXTI2_IRQHandler                         0x08000387   Thumb Code     0  startup_stm32h723xx.o(.text)
    EXTI3_IRQHandler                         0x08000387   Thumb Code     0  startup_stm32h723xx.o(.text)
    EXTI4_IRQHandler                         0x08000387   Thumb Code     0  startup_stm32h723xx.o(.text)
    EXTI9_5_IRQHandler                       0x08000387   Thumb Code     0  startup_stm32h723xx.o(.text)
    FDCAN_CAL_IRQHandler                     0x08000387   Thumb Code     0  startup_stm32h723xx.o(.text)
    FLASH_IRQHandler                         0x08000387   Thumb Code     0  startup_stm32h723xx.o(.text)
    FMAC_IRQHandler                          0x08000387   Thumb Code     0  startup_stm32h723xx.o(.text)
    FMC_IRQHandler                           0x08000387   Thumb Code     0  startup_stm32h723xx.o(.text)
    FPU_IRQHandler                           0x08000387   Thumb Code     0  startup_stm32h723xx.o(.text)
    HSEM1_IRQHandler                         0x08000387   Thumb Code     0  startup_stm32h723xx.o(.text)
    I2C1_ER_IRQHandler                       0x08000387   Thumb Code     0  startup_stm32h723xx.o(.text)
    I2C1_EV_IRQHandler                       0x08000387   Thumb Code     0  startup_stm32h723xx.o(.text)
    I2C2_ER_IRQHandler                       0x08000387   Thumb Code     0  startup_stm32h723xx.o(.text)
    I2C2_EV_IRQHandler                       0x08000387   Thumb Code     0  startup_stm32h723xx.o(.text)
    I2C3_ER_IRQHandler                       0x08000387   Thumb Code     0  startup_stm32h723xx.o(.text)
    I2C3_EV_IRQHandler                       0x08000387   Thumb Code     0  startup_stm32h723xx.o(.text)
    I2C4_ER_IRQHandler                       0x08000387   Thumb Code     0  startup_stm32h723xx.o(.text)
    I2C4_EV_IRQHandler                       0x08000387   Thumb Code     0  startup_stm32h723xx.o(.text)
    I2C5_ER_IRQHandler                       0x08000387   Thumb Code     0  startup_stm32h723xx.o(.text)
    I2C5_EV_IRQHandler                       0x08000387   Thumb Code     0  startup_stm32h723xx.o(.text)
    LPTIM1_IRQHandler                        0x08000387   Thumb Code     0  startup_stm32h723xx.o(.text)
    LPTIM2_IRQHandler                        0x08000387   Thumb Code     0  startup_stm32h723xx.o(.text)
    LPTIM3_IRQHandler                        0x08000387   Thumb Code     0  startup_stm32h723xx.o(.text)
    LPTIM4_IRQHandler                        0x08000387   Thumb Code     0  startup_stm32h723xx.o(.text)
    LPTIM5_IRQHandler                        0x08000387   Thumb Code     0  startup_stm32h723xx.o(.text)
    LPUART1_IRQHandler                       0x08000387   Thumb Code     0  startup_stm32h723xx.o(.text)
    LTDC_ER_IRQHandler                       0x08000387   Thumb Code     0  startup_stm32h723xx.o(.text)
    LTDC_IRQHandler                          0x08000387   Thumb Code     0  startup_stm32h723xx.o(.text)
    MDIOS_IRQHandler                         0x08000387   Thumb Code     0  startup_stm32h723xx.o(.text)
    MDIOS_WKUP_IRQHandler                    0x08000387   Thumb Code     0  startup_stm32h723xx.o(.text)
    MDMA_IRQHandler                          0x08000387   Thumb Code     0  startup_stm32h723xx.o(.text)
    OCTOSPI1_IRQHandler                      0x08000387   Thumb Code     0  startup_stm32h723xx.o(.text)
    OCTOSPI2_IRQHandler                      0x08000387   Thumb Code     0  startup_stm32h723xx.o(.text)
    OTG_HS_EP1_IN_IRQHandler                 0x08000387   Thumb Code     0  startup_stm32h723xx.o(.text)
    OTG_HS_EP1_OUT_IRQHandler                0x08000387   Thumb Code     0  startup_stm32h723xx.o(.text)
    OTG_HS_IRQHandler                        0x08000387   Thumb Code     0  startup_stm32h723xx.o(.text)
    OTG_HS_WKUP_IRQHandler                   0x08000387   Thumb Code     0  startup_stm32h723xx.o(.text)
    PVD_AVD_IRQHandler                       0x08000387   Thumb Code     0  startup_stm32h723xx.o(.text)
    RCC_IRQHandler                           0x08000387   Thumb Code     0  startup_stm32h723xx.o(.text)
    RNG_IRQHandler                           0x08000387   Thumb Code     0  startup_stm32h723xx.o(.text)
    RTC_Alarm_IRQHandler                     0x08000387   Thumb Code     0  startup_stm32h723xx.o(.text)
    RTC_WKUP_IRQHandler                      0x08000387   Thumb Code     0  startup_stm32h723xx.o(.text)
    SAI1_IRQHandler                          0x08000387   Thumb Code     0  startup_stm32h723xx.o(.text)
    SAI4_IRQHandler                          0x08000387   Thumb Code     0  startup_stm32h723xx.o(.text)
    SDMMC1_IRQHandler                        0x08000387   Thumb Code     0  startup_stm32h723xx.o(.text)
    SDMMC2_IRQHandler                        0x08000387   Thumb Code     0  startup_stm32h723xx.o(.text)
    SPDIF_RX_IRQHandler                      0x08000387   Thumb Code     0  startup_stm32h723xx.o(.text)
    SPI1_IRQHandler                          0x08000387   Thumb Code     0  startup_stm32h723xx.o(.text)
    SPI2_IRQHandler                          0x08000387   Thumb Code     0  startup_stm32h723xx.o(.text)
    SPI3_IRQHandler                          0x08000387   Thumb Code     0  startup_stm32h723xx.o(.text)
    SPI4_IRQHandler                          0x08000387   Thumb Code     0  startup_stm32h723xx.o(.text)
    SPI5_IRQHandler                          0x08000387   Thumb Code     0  startup_stm32h723xx.o(.text)
    SPI6_IRQHandler                          0x08000387   Thumb Code     0  startup_stm32h723xx.o(.text)
    SWPMI1_IRQHandler                        0x08000387   Thumb Code     0  startup_stm32h723xx.o(.text)
    TAMP_STAMP_IRQHandler                    0x08000387   Thumb Code     0  startup_stm32h723xx.o(.text)
    TIM15_IRQHandler                         0x08000387   Thumb Code     0  startup_stm32h723xx.o(.text)
    TIM16_IRQHandler                         0x08000387   Thumb Code     0  startup_stm32h723xx.o(.text)
    TIM17_IRQHandler                         0x08000387   Thumb Code     0  startup_stm32h723xx.o(.text)
    TIM1_BRK_IRQHandler                      0x08000387   Thumb Code     0  startup_stm32h723xx.o(.text)
    TIM1_CC_IRQHandler                       0x08000387   Thumb Code     0  startup_stm32h723xx.o(.text)
    TIM1_TRG_COM_IRQHandler                  0x08000387   Thumb Code     0  startup_stm32h723xx.o(.text)
    TIM23_IRQHandler                         0x08000387   Thumb Code     0  startup_stm32h723xx.o(.text)
    TIM24_IRQHandler                         0x08000387   Thumb Code     0  startup_stm32h723xx.o(.text)
    TIM2_IRQHandler                          0x08000387   Thumb Code     0  startup_stm32h723xx.o(.text)
    TIM3_IRQHandler                          0x08000387   Thumb Code     0  startup_stm32h723xx.o(.text)
    TIM4_IRQHandler                          0x08000387   Thumb Code     0  startup_stm32h723xx.o(.text)
    TIM5_IRQHandler                          0x08000387   Thumb Code     0  startup_stm32h723xx.o(.text)
    TIM8_BRK_TIM12_IRQHandler                0x08000387   Thumb Code     0  startup_stm32h723xx.o(.text)
    TIM8_CC_IRQHandler                       0x08000387   Thumb Code     0  startup_stm32h723xx.o(.text)
    TIM8_TRG_COM_TIM14_IRQHandler            0x08000387   Thumb Code     0  startup_stm32h723xx.o(.text)
    TIM8_UP_TIM13_IRQHandler                 0x08000387   Thumb Code     0  startup_stm32h723xx.o(.text)
    UART4_IRQHandler                         0x08000387   Thumb Code     0  startup_stm32h723xx.o(.text)
    UART5_IRQHandler                         0x08000387   Thumb Code     0  startup_stm32h723xx.o(.text)
    UART7_IRQHandler                         0x08000387   Thumb Code     0  startup_stm32h723xx.o(.text)
    UART8_IRQHandler                         0x08000387   Thumb Code     0  startup_stm32h723xx.o(.text)
    UART9_IRQHandler                         0x08000387   Thumb Code     0  startup_stm32h723xx.o(.text)
    USART6_IRQHandler                        0x08000387   Thumb Code     0  startup_stm32h723xx.o(.text)
    WAKEUP_PIN_IRQHandler                    0x08000387   Thumb Code     0  startup_stm32h723xx.o(.text)
    WWDG_IRQHandler                          0x08000387   Thumb Code     0  startup_stm32h723xx.o(.text)
    __user_initial_stackheap                 0x08000389   Thumb Code     0  startup_stm32h723xx.o(.text)
    __aeabi_uldivmod                         0x080003ad   Thumb Code     0  lludivv7m.o(.text)
    _ll_udiv                                 0x080003ad   Thumb Code   238  lludivv7m.o(.text)
    __aeabi_memcpy                           0x0800049b   Thumb Code     0  rt_memcpy_v6.o(.text)
    __rt_memcpy                              0x0800049b   Thumb Code   138  rt_memcpy_v6.o(.text)
    _memcpy_lastbytes                        0x08000501   Thumb Code     0  rt_memcpy_v6.o(.text)
    __aeabi_memcpy4                          0x08000525   Thumb Code     0  rt_memcpy_w.o(.text)
    __aeabi_memcpy8                          0x08000525   Thumb Code     0  rt_memcpy_w.o(.text)
    __rt_memcpy_w                            0x08000525   Thumb Code   100  rt_memcpy_w.o(.text)
    _memcpy_lastbytes_aligned                0x0800056d   Thumb Code     0  rt_memcpy_w.o(.text)
    __aeabi_memclr                           0x08000589   Thumb Code     0  rt_memclr.o(.text)
    __rt_memclr                              0x08000589   Thumb Code    68  rt_memclr.o(.text)
    _memset                                  0x0800058d   Thumb Code     0  rt_memclr.o(.text)
    __aeabi_memclr4                          0x080005cd   Thumb Code     0  rt_memclr_w.o(.text)
    __aeabi_memclr8                          0x080005cd   Thumb Code     0  rt_memclr_w.o(.text)
    __rt_memclr_w                            0x080005cd   Thumb Code    78  rt_memclr_w.o(.text)
    _memset_w                                0x080005d1   Thumb Code     0  rt_memclr_w.o(.text)
    __use_two_region_memory                  0x0800061b   Thumb Code     2  heapauxi.o(.text)
    __rt_heap_escrow$2region                 0x0800061d   Thumb Code     2  heapauxi.o(.text)
    __rt_heap_expand$2region                 0x0800061f   Thumb Code     2  heapauxi.o(.text)
    __user_setup_stackheap                   0x08000621   Thumb Code    74  sys_stackheap_outer.o(.text)
    exit                                     0x0800066b   Thumb Code    18  exit.o(.text)
    __user_libspace                          0x0800067d   Thumb Code     8  libspace.o(.text)
    __user_perproc_libspace                  0x0800067d   Thumb Code     0  libspace.o(.text)
    __user_perthread_libspace                0x0800067d   Thumb Code     0  libspace.o(.text)
    _sys_exit                                0x08000685   Thumb Code     8  sys_exit.o(.text)
    __I$use$semihosting                      0x08000691   Thumb Code     0  use_no_semi.o(.text)
    __use_no_semihosting_swi                 0x08000691   Thumb Code     2  use_no_semi.o(.text)
    BusFault_Handler                         0x08000693   Thumb Code     4  stm32h7xx_it.o(i.BusFault_Handler)
    __semihosting_library_function           0x08000693   Thumb Code     0  indicate_semi.o(.text)
    CAN_bus_off_check_reset                  0x08000697   Thumb Code    42  bsp_vesc.o(i.CAN_bus_off_check_reset)
    DebugMon_Handler                         0x080006c1   Thumb Code     2  stm32h7xx_it.o(i.DebugMon_Handler)
    Error_Handler                            0x080006c3   Thumb Code     6  main.o(i.Error_Handler)
    FDCAN1_IT0_IRQHandler                    0x080006c9   Thumb Code    10  stm32h7xx_it.o(i.FDCAN1_IT0_IRQHandler)
    FDCAN1_IT1_IRQHandler                    0x080006d9   Thumb Code    10  stm32h7xx_it.o(i.FDCAN1_IT1_IRQHandler)
    FDCAN2_IT0_IRQHandler                    0x080006e9   Thumb Code    10  stm32h7xx_it.o(i.FDCAN2_IT0_IRQHandler)
    FDCAN2_IT1_IRQHandler                    0x080006f9   Thumb Code    10  stm32h7xx_it.o(i.FDCAN2_IT1_IRQHandler)
    FDCAN3_IT0_IRQHandler                    0x08000709   Thumb Code    10  stm32h7xx_it.o(i.FDCAN3_IT0_IRQHandler)
    FDCAN3_IT1_IRQHandler                    0x08000719   Thumb Code    10  stm32h7xx_it.o(i.FDCAN3_IT1_IRQHandler)
    HAL_DMA_Abort                            0x08000a19   Thumb Code  1236  stm32h7xx_hal_dma.o(i.HAL_DMA_Abort)
    HAL_DMA_Abort_IT                         0x08000ef5   Thumb Code   906  stm32h7xx_hal_dma.o(i.HAL_DMA_Abort_IT)
    HAL_Delay                                0x0800128d   Thumb Code    36  stm32h7xx_hal.o(i.HAL_Delay)
    HAL_FDCAN_ActivateNotification           0x080012b5   Thumb Code   158  stm32h7xx_hal_fdcan.o(i.HAL_FDCAN_ActivateNotification)
    HAL_FDCAN_AddMessageToTxFifoQ            0x0800135d   Thumb Code   144  stm32h7xx_hal_fdcan.o(i.HAL_FDCAN_AddMessageToTxFifoQ)
    HAL_FDCAN_ClockCalibrationCallback       0x080013ed   Thumb Code     2  stm32h7xx_hal_fdcan.o(i.HAL_FDCAN_ClockCalibrationCallback)
    HAL_FDCAN_ConfigFifoWatermark            0x080013ef   Thumb Code   108  stm32h7xx_hal_fdcan.o(i.HAL_FDCAN_ConfigFifoWatermark)
    HAL_FDCAN_ConfigFilter                   0x0800145b   Thumb Code   168  stm32h7xx_hal_fdcan.o(i.HAL_FDCAN_ConfigFilter)
    HAL_FDCAN_ConfigGlobalFilter             0x08001503   Thumb Code    52  stm32h7xx_hal_fdcan.o(i.HAL_FDCAN_ConfigGlobalFilter)
    HAL_FDCAN_ErrorCallback                  0x08001537   Thumb Code     2  stm32h7xx_hal_fdcan.o(i.HAL_FDCAN_ErrorCallback)
    HAL_FDCAN_ErrorStatusCallback            0x08001539   Thumb Code    38  bsp_vesc.o(i.HAL_FDCAN_ErrorStatusCallback)
    HAL_FDCAN_GetProtocolStatus              0x0800156d   Thumb Code    76  stm32h7xx_hal_fdcan.o(i.HAL_FDCAN_GetProtocolStatus)
    HAL_FDCAN_GetRxMessage                   0x080015b9   Thumb Code   494  stm32h7xx_hal_fdcan.o(i.HAL_FDCAN_GetRxMessage)
    HAL_FDCAN_HighPriorityMessageCallback    0x080017ad   Thumb Code     2  stm32h7xx_hal_fdcan.o(i.HAL_FDCAN_HighPriorityMessageCallback)
    HAL_FDCAN_IRQHandler                     0x080017b1   Thumb Code   966  stm32h7xx_hal_fdcan.o(i.HAL_FDCAN_IRQHandler)
    HAL_FDCAN_Init                           0x08001b85   Thumb Code   726  stm32h7xx_hal_fdcan.o(i.HAL_FDCAN_Init)
    HAL_FDCAN_MspInit                        0x08001e65   Thumb Code   546  fdcan.o(i.HAL_FDCAN_MspInit)
    HAL_FDCAN_RxBufferNewMessageCallback     0x080020a9   Thumb Code     2  stm32h7xx_hal_fdcan.o(i.HAL_FDCAN_RxBufferNewMessageCallback)
    HAL_FDCAN_RxFifo0Callback                0x080020ad   Thumb Code    50  bsp_fdcan.o(i.HAL_FDCAN_RxFifo0Callback)
    HAL_FDCAN_RxFifo1Callback                0x080020ed   Thumb Code    50  bsp_fdcan.o(i.HAL_FDCAN_RxFifo1Callback)
    HAL_FDCAN_Start                          0x0800212d   Thumb Code    52  stm32h7xx_hal_fdcan.o(i.HAL_FDCAN_Start)
    HAL_FDCAN_TT_GlobalTimeCallback          0x08002161   Thumb Code     2  stm32h7xx_hal_fdcan.o(i.HAL_FDCAN_TT_GlobalTimeCallback)
    HAL_FDCAN_TT_ScheduleSyncCallback        0x08002163   Thumb Code     2  stm32h7xx_hal_fdcan.o(i.HAL_FDCAN_TT_ScheduleSyncCallback)
    HAL_FDCAN_TT_StopWatchCallback           0x08002165   Thumb Code     2  stm32h7xx_hal_fdcan.o(i.HAL_FDCAN_TT_StopWatchCallback)
    HAL_FDCAN_TT_TimeMarkCallback            0x08002167   Thumb Code     2  stm32h7xx_hal_fdcan.o(i.HAL_FDCAN_TT_TimeMarkCallback)
    HAL_FDCAN_TimeoutOccurredCallback        0x08002169   Thumb Code     2  stm32h7xx_hal_fdcan.o(i.HAL_FDCAN_TimeoutOccurredCallback)
    HAL_FDCAN_TimestampWraparoundCallback    0x0800216b   Thumb Code     2  stm32h7xx_hal_fdcan.o(i.HAL_FDCAN_TimestampWraparoundCallback)
    HAL_FDCAN_TxBufferAbortCallback          0x0800216d   Thumb Code     2  stm32h7xx_hal_fdcan.o(i.HAL_FDCAN_TxBufferAbortCallback)
    HAL_FDCAN_TxBufferCompleteCallback       0x0800216f   Thumb Code     2  stm32h7xx_hal_fdcan.o(i.HAL_FDCAN_TxBufferCompleteCallback)
    HAL_FDCAN_TxEventFifoCallback            0x08002171   Thumb Code     2  stm32h7xx_hal_fdcan.o(i.HAL_FDCAN_TxEventFifoCallback)
    HAL_FDCAN_TxFifoEmptyCallback            0x08002173   Thumb Code     2  stm32h7xx_hal_fdcan.o(i.HAL_FDCAN_TxFifoEmptyCallback)
    HAL_GPIO_Init                            0x08002175   Thumb Code   446  stm32h7xx_hal_gpio.o(i.HAL_GPIO_Init)
    HAL_GPIO_TogglePin                       0x08002365   Thumb Code    20  stm32h7xx_hal_gpio.o(i.HAL_GPIO_TogglePin)
    HAL_GPIO_WritePin                        0x08002379   Thumb Code    12  stm32h7xx_hal_gpio.o(i.HAL_GPIO_WritePin)
    HAL_GetTick                              0x08002385   Thumb Code     6  stm32h7xx_hal.o(i.HAL_GetTick)
    HAL_I2CEx_ConfigAnalogFilter             0x08002391   Thumb Code   106  stm32h7xx_hal_i2c_ex.o(i.HAL_I2CEx_ConfigAnalogFilter)
    HAL_I2CEx_ConfigDigitalFilter            0x080023fb   Thumb Code   104  stm32h7xx_hal_i2c_ex.o(i.HAL_I2CEx_ConfigDigitalFilter)
    HAL_I2C_Init                             0x08002465   Thumb Code   212  stm32h7xx_hal_i2c.o(i.HAL_I2C_Init)
    HAL_I2C_MspInit                          0x0800253d   Thumb Code   144  i2c.o(i.HAL_I2C_MspInit)
    HAL_IncTick                              0x080025d9   Thumb Code    16  stm32h7xx_hal.o(i.HAL_IncTick)
    HAL_Init                                 0x080025f1   Thumb Code    80  stm32h7xx_hal.o(i.HAL_Init)
    HAL_InitTick                             0x08002651   Thumb Code   128  stm32h7xx_hal_timebase_tim.o(i.HAL_InitTick)
    HAL_MPU_ConfigRegion                     0x080026e5   Thumb Code    86  stm32h7xx_hal_cortex.o(i.HAL_MPU_ConfigRegion)
    HAL_MPU_Disable                          0x08002741   Thumb Code    38  stm32h7xx_hal_cortex.o(i.HAL_MPU_Disable)
    HAL_MPU_Enable                           0x0800276d   Thumb Code    58  stm32h7xx_hal_cortex.o(i.HAL_MPU_Enable)
    HAL_MspInit                              0x080027ad   Thumb Code    32  stm32h7xx_hal_msp.o(i.HAL_MspInit)
    HAL_NVIC_EnableIRQ                       0x080027d1   Thumb Code    40  stm32h7xx_hal_cortex.o(i.HAL_NVIC_EnableIRQ)
    HAL_NVIC_SetPriority                     0x080027f9   Thumb Code   122  stm32h7xx_hal_cortex.o(i.HAL_NVIC_SetPriority)
    HAL_NVIC_SetPriorityGrouping             0x08002875   Thumb Code    32  stm32h7xx_hal_cortex.o(i.HAL_NVIC_SetPriorityGrouping)
    HAL_PWREx_ConfigSupply                   0x0800289d   Thumb Code    90  stm32h7xx_hal_pwr_ex.o(i.HAL_PWREx_ConfigSupply)
    HAL_RCCEx_GetD3PCLK1Freq                 0x080028fd   Thumb Code    26  stm32h7xx_hal_rcc_ex.o(i.HAL_RCCEx_GetD3PCLK1Freq)
    HAL_RCCEx_GetPLL2ClockFreq               0x08002921   Thumb Code   536  stm32h7xx_hal_rcc_ex.o(i.HAL_RCCEx_GetPLL2ClockFreq)
    HAL_RCCEx_GetPLL3ClockFreq               0x08002b51   Thumb Code   536  stm32h7xx_hal_rcc_ex.o(i.HAL_RCCEx_GetPLL3ClockFreq)
    HAL_RCCEx_PeriphCLKConfig                0x08002d81   Thumb Code  3272  stm32h7xx_hal_rcc_ex.o(i.HAL_RCCEx_PeriphCLKConfig)
    HAL_RCC_ClockConfig                      0x08003a49   Thumb Code   774  stm32h7xx_hal_rcc.o(i.HAL_RCC_ClockConfig)
    HAL_RCC_GetClockConfig                   0x08003d69   Thumb Code    98  stm32h7xx_hal_rcc.o(i.HAL_RCC_GetClockConfig)
    HAL_RCC_GetHCLKFreq                      0x08003dd5   Thumb Code    60  stm32h7xx_hal_rcc.o(i.HAL_RCC_GetHCLKFreq)
    HAL_RCC_GetPCLK1Freq                     0x08003e21   Thumb Code    26  stm32h7xx_hal_rcc.o(i.HAL_RCC_GetPCLK1Freq)
    HAL_RCC_GetPCLK2Freq                     0x08003e45   Thumb Code    26  stm32h7xx_hal_rcc.o(i.HAL_RCC_GetPCLK2Freq)
    HAL_RCC_GetSysClockFreq                  0x08003e69   Thumb Code   524  stm32h7xx_hal_rcc.o(i.HAL_RCC_GetSysClockFreq)
    HAL_RCC_OscConfig                        0x08004095   Thumb Code  1874  stm32h7xx_hal_rcc.o(i.HAL_RCC_OscConfig)
    HAL_SPI_Init                             0x080047f1   Thumb Code   420  stm32h7xx_hal_spi.o(i.HAL_SPI_Init)
    HAL_SPI_MspInit                          0x080049a1   Thumb Code   262  spi.o(i.HAL_SPI_MspInit)
    HAL_TIMEx_Break2Callback                 0x08004abd   Thumb Code     2  stm32h7xx_hal_tim_ex.o(i.HAL_TIMEx_Break2Callback)
    HAL_TIMEx_BreakCallback                  0x08004abf   Thumb Code     2  stm32h7xx_hal_tim_ex.o(i.HAL_TIMEx_BreakCallback)
    HAL_TIMEx_CommutCallback                 0x08004ac1   Thumb Code     2  stm32h7xx_hal_tim_ex.o(i.HAL_TIMEx_CommutCallback)
    HAL_TIMEx_MasterConfigSynchronization    0x08004ac5   Thumb Code   190  stm32h7xx_hal_tim_ex.o(i.HAL_TIMEx_MasterConfigSynchronization)
    HAL_TIM_Base_Init                        0x08004ba9   Thumb Code   110  stm32h7xx_hal_tim.o(i.HAL_TIM_Base_Init)
    HAL_TIM_Base_MspInit                     0x08004c19   Thumb Code   112  tim.o(i.HAL_TIM_Base_MspInit)
    HAL_TIM_Base_Start_IT                    0x08004c95   Thumb Code   162  stm32h7xx_hal_tim.o(i.HAL_TIM_Base_Start_IT)
    HAL_TIM_IC_CaptureCallback               0x08004d61   Thumb Code     2  stm32h7xx_hal_tim.o(i.HAL_TIM_IC_CaptureCallback)
    HAL_TIM_IRQHandler                       0x08004d63   Thumb Code   408  stm32h7xx_hal_tim.o(i.HAL_TIM_IRQHandler)
    HAL_TIM_MspPostInit                      0x08004efd   Thumb Code   200  tim.o(i.HAL_TIM_MspPostInit)
    HAL_TIM_OC_DelayElapsedCallback          0x08004fd9   Thumb Code     2  stm32h7xx_hal_tim.o(i.HAL_TIM_OC_DelayElapsedCallback)
    HAL_TIM_PWM_ConfigChannel                0x08004fdb   Thumb Code   368  stm32h7xx_hal_tim.o(i.HAL_TIM_PWM_ConfigChannel)
    HAL_TIM_PWM_Init                         0x0800514b   Thumb Code   110  stm32h7xx_hal_tim.o(i.HAL_TIM_PWM_Init)
    HAL_TIM_PWM_MspInit                      0x080051b9   Thumb Code    76  tim.o(i.HAL_TIM_PWM_MspInit)
    HAL_TIM_PWM_PulseFinishedCallback        0x0800520d   Thumb Code     2  stm32h7xx_hal_tim.o(i.HAL_TIM_PWM_PulseFinishedCallback)
    HAL_TIM_PWM_Start                        0x08005211   Thumb Code   330  stm32h7xx_hal_tim.o(i.HAL_TIM_PWM_Start)
    HAL_TIM_PeriodElapsedCallback            0x0800538d   Thumb Code   162  main.o(i.HAL_TIM_PeriodElapsedCallback)
    HAL_TIM_TriggerCallback                  0x08005459   Thumb Code     2  stm32h7xx_hal_tim.o(i.HAL_TIM_TriggerCallback)
    HAL_UARTEx_DisableFifoMode               0x0800545b   Thumb Code    78  stm32h7xx_hal_uart_ex.o(i.HAL_UARTEx_DisableFifoMode)
    HAL_UARTEx_RxEventCallback               0x080054a9   Thumb Code     2  stm32h7xx_hal_uart.o(i.HAL_UARTEx_RxEventCallback)
    HAL_UARTEx_RxFifoFullCallback            0x080054ab   Thumb Code     2  stm32h7xx_hal_uart_ex.o(i.HAL_UARTEx_RxFifoFullCallback)
    HAL_UARTEx_SetRxFifoThreshold            0x080054ad   Thumb Code    94  stm32h7xx_hal_uart_ex.o(i.HAL_UARTEx_SetRxFifoThreshold)
    HAL_UARTEx_SetTxFifoThreshold            0x0800550b   Thumb Code    94  stm32h7xx_hal_uart_ex.o(i.HAL_UARTEx_SetTxFifoThreshold)
    HAL_UARTEx_TxFifoEmptyCallback           0x08005569   Thumb Code     2  stm32h7xx_hal_uart_ex.o(i.HAL_UARTEx_TxFifoEmptyCallback)
    HAL_UARTEx_WakeupCallback                0x0800556b   Thumb Code     2  stm32h7xx_hal_uart_ex.o(i.HAL_UARTEx_WakeupCallback)
    HAL_UART_ErrorCallback                   0x0800556d   Thumb Code     2  stm32h7xx_hal_uart.o(i.HAL_UART_ErrorCallback)
    HAL_UART_IRQHandler                      0x08005571   Thumb Code  1172  stm32h7xx_hal_uart.o(i.HAL_UART_IRQHandler)
    HAL_UART_Init                            0x08005a05   Thumb Code   120  stm32h7xx_hal_uart.o(i.HAL_UART_Init)
    HAL_UART_MspInit                         0x08005a7d   Thumb Code   600  usart.o(i.HAL_UART_MspInit)
    HAL_UART_Receive_IT                      0x08005cf9   Thumb Code    88  stm32h7xx_hal_uart.o(i.HAL_UART_Receive_IT)
    HAL_UART_RxCpltCallback                  0x08005d55   Thumb Code     2  main.o(i.HAL_UART_RxCpltCallback)
    HAL_UART_TxCpltCallback                  0x08005d57   Thumb Code     2  stm32h7xx_hal_uart.o(i.HAL_UART_TxCpltCallback)
    HardFault_Handler                        0x08005d59   Thumb Code     4  stm32h7xx_it.o(i.HardFault_Handler)
    MX_FDCAN1_Init                           0x08005db5   Thumb Code   120  fdcan.o(i.MX_FDCAN1_Init)
    MX_FDCAN2_Init                           0x08005e35   Thumb Code   120  fdcan.o(i.MX_FDCAN2_Init)
    MX_FDCAN3_Init                           0x08005eb5   Thumb Code   120  fdcan.o(i.MX_FDCAN3_Init)
    MX_GPIO_Init                             0x08005f35   Thumb Code   248  gpio.o(i.MX_GPIO_Init)
    MX_I2C1_Init                             0x08006039   Thumb Code    74  i2c.o(i.MX_I2C1_Init)
    MX_SPI1_Init                             0x08006091   Thumb Code    86  spi.o(i.MX_SPI1_Init)
    MX_SPI4_Init                             0x080060f1   Thumb Code    80  spi.o(i.MX_SPI4_Init)
    MX_TIM2_Init                             0x08006149   Thumb Code   172  tim.o(i.MX_TIM2_Init)
    MX_TIM3_Init                             0x080061f9   Thumb Code   170  tim.o(i.MX_TIM3_Init)
    MX_TIM6_Init                             0x080062ad   Thumb Code    68  tim.o(i.MX_TIM6_Init)
    MX_TIM7_Init                             0x080062f9   Thumb Code    68  tim.o(i.MX_TIM7_Init)
    MX_USART10_UART_Init                     0x08006345   Thumb Code    98  usart.o(i.MX_USART10_UART_Init)
    MX_USART1_UART_Init                      0x080063b1   Thumb Code    98  usart.o(i.MX_USART1_UART_Init)
    MX_USART2_UART_Init                      0x0800641d   Thumb Code    98  usart.o(i.MX_USART2_UART_Init)
    MX_USART3_UART_Init                      0x08006489   Thumb Code    98  usart.o(i.MX_USART3_UART_Init)
    MemManage_Handler                        0x080064f5   Thumb Code     4  stm32h7xx_it.o(i.MemManage_Handler)
    NMI_Handler                              0x080064f9   Thumb Code     4  stm32h7xx_it.o(i.NMI_Handler)
    PID_MODEL_SYSTEM_initialize              0x080064fd   Thumb Code    64  pid_model_system.o(i.PID_MODEL_SYSTEM_initialize)
    PID_MODEL_SYSTEM_step                    0x08006541   Thumb Code  1792  pid_model_system.o(i.PID_MODEL_SYSTEM_step)
    PendSV_Handler                           0x08006c55   Thumb Code     2  stm32h7xx_it.o(i.PendSV_Handler)
    SVC_Handler                              0x08006f3b   Thumb Code     2  stm32h7xx_it.o(i.SVC_Handler)
    SysTick_Handler                          0x08006f3d   Thumb Code     2  stm32h7xx_it.o(i.SysTick_Handler)
    SystemClock_Config                       0x08006f41   Thumb Code   184  main.o(i.SystemClock_Config)
    SystemInit                               0x08006ffd   Thumb Code   192  system_stm32h7xx.o(i.SystemInit)
    TIM1_UP_IRQHandler                       0x080070dd   Thumb Code    10  stm32h7xx_it.o(i.TIM1_UP_IRQHandler)
    TIM6_DAC_IRQHandler                      0x080070ed   Thumb Code    10  stm32h7xx_it.o(i.TIM6_DAC_IRQHandler)
    TIM7_IRQHandler                          0x080070fd   Thumb Code    10  stm32h7xx_it.o(i.TIM7_IRQHandler)
    TIM_Base_SetConfig                       0x0800710d   Thumb Code   198  stm32h7xx_hal_tim.o(i.TIM_Base_SetConfig)
    TIM_CCxChannelCmd                        0x080071fd   Thumb Code    34  stm32h7xx_hal_tim.o(i.TIM_CCxChannelCmd)
    TIM_OC2_SetConfig                        0x080072cd   Thumb Code   156  stm32h7xx_hal_tim.o(i.TIM_OC2_SetConfig)
    UART_AdvFeatureConfig                    0x080075e1   Thumb Code   248  stm32h7xx_hal_uart.o(i.UART_AdvFeatureConfig)
    UART_CheckIdleState                      0x080076d9   Thumb Code   234  stm32h7xx_hal_uart.o(i.UART_CheckIdleState)
    UART_SetConfig                           0x08007e75   Thumb Code  1558  stm32h7xx_hal_uart.o(i.UART_SetConfig)
    UART_Start_Receive_IT                    0x0800849d   Thumb Code   332  stm32h7xx_hal_uart.o(i.UART_Start_Receive_IT)
    UART_WaitOnFlagUntilTimeout              0x080085f9   Thumb Code   172  stm32h7xx_hal_uart.o(i.UART_WaitOnFlagUntilTimeout)
    USART10_IRQHandler                       0x080086a5   Thumb Code    10  stm32h7xx_it.o(i.USART10_IRQHandler)
    USART1_IRQHandler                        0x080086b5   Thumb Code    10  stm32h7xx_it.o(i.USART1_IRQHandler)
    USART2_IRQHandler                        0x080086c5   Thumb Code    10  stm32h7xx_it.o(i.USART2_IRQHandler)
    USART3_IRQHandler                        0x080086d5   Thumb Code    10  stm32h7xx_it.o(i.USART3_IRQHandler)
    UsageFault_Handler                       0x080086e5   Thumb Code     4  stm32h7xx_it.o(i.UsageFault_Handler)
    VescStop                                 0x080086e9   Thumb Code    82  bsp_vesc.o(i.VescStop)
    circle_cc_dji                            0x08008779   Thumb Code    46  bsp_dji.o(i.circle_cc_dji)
    delay_us                                 0x080087ad   Thumb Code    30  bsp_robstride.o(i.delay_us)
    dm_motor_ctrl_send                       0x080087d1   Thumb Code   162  bsp_dm_ctrl.o(i.dm_motor_ctrl_send)
    dm_motor_enable                          0x08008873   Thumb Code    86  bsp_dm_ctrl.o(i.dm_motor_enable)
    dm_motor_init                            0x080088c9   Thumb Code    76  bsp_dm_ctrl.o(i.dm_motor_init)
    enable_motor_mode                        0x08008919   Thumb Code    66  bsp_dm_drv.o(i.enable_motor_mode)
    fdcan_all_init_start                     0x0800895d   Thumb Code    88  bsp_fdcan.o(i.fdcan_all_init_start)
    fdcan_fifo0_rx_callback                  0x080089c1   Thumb Code   142  bsp_fdcan.o(i.fdcan_fifo0_rx_callback)
    fdcan_fifo1_rx_callback                  0x08008a59   Thumb Code   184  bsp_fdcan.o(i.fdcan_fifo1_rx_callback)
    fdcan_filter_init                        0x08008b19   Thumb Code    64  bsp_fdcan.o(i.fdcan_filter_init)
    fdcan_filter_init_vesc                   0x08008b59   Thumb Code    66  bsp_vesc.o(i.fdcan_filter_init_vesc)
    fdcan_send_dji                           0x08008b9d   Thumb Code    98  bsp_dji.o(i.fdcan_send_dji)
    fdcan_send_dm                            0x08008c09   Thumb Code   150  bsp_dm_ctrl.o(i.fdcan_send_dm)
    fdcan_send_vesc                          0x08008ca5   Thumb Code    68  bsp_vesc.o(i.fdcan_send_vesc)
    float_to_uint                            0x08008cf1   Thumb Code    50  bsp_dm_drv.o(i.float_to_uint)
    main                                     0x08008d25   Thumb Code   312  main.o(i.main)
    matlab_motor_inport_update               0x08008e85   Thumb Code   262  bsp_matlab_ctrl.o(i.matlab_motor_inport_update)
    matlab_motor_outport_update              0x08008f95   Thumb Code   202  bsp_matlab_ctrl.o(i.matlab_motor_outport_update)
    matlab_motor_para_init                   0x0800906d   Thumb Code   212  bsp_matlab_ctrl.o(i.matlab_motor_para_init)
    mit_ctrl                                 0x0800915d   Thumb Code   274  bsp_dm_drv.o(i.mit_ctrl)
    motor_update_dji                         0x08009279   Thumb Code    50  bsp_dji.o(i.motor_update_dji)
    motor_update_dm                          0x080092ab   Thumb Code   182  bsp_dm_ctrl.o(i.motor_update_dm)
    motor_update_vesc                        0x08009361   Thumb Code   216  bsp_vesc.o(i.motor_update_vesc)
    pos_ctrl                                 0x08009439   Thumb Code    92  bsp_dm_drv.o(i.pos_ctrl)
    psi_ctrl                                 0x08009495   Thumb Code   118  bsp_dm_drv.o(i.psi_ctrl)
    robstride_command_update                 0x0800950b   Thumb Code   236  bsp_robstride.o(i.robstride_command_update)
    robstride_command_update_all             0x080095f9   Thumb Code   102  bsp_robstride.o(i.robstride_command_update_all)
    robstride_csp_set_position               0x08009671   Thumb Code    38  bsp_robstride.o(i.robstride_csp_set_position)
    robstride_csp_set_velocity               0x08009697   Thumb Code    38  bsp_robstride.o(i.robstride_csp_set_velocity)
    robstride_current_set_current            0x080096bd   Thumb Code    38  bsp_robstride.o(i.robstride_current_set_current)
    robstride_disable                        0x080096e5   Thumb Code    64  bsp_robstride.o(i.robstride_disable)
    robstride_enable                         0x0800972d   Thumb Code    64  bsp_robstride.o(i.robstride_enable)
    robstride_info_update                    0x08009775   Thumb Code   252  bsp_robstride.o(i.robstride_info_update)
    robstride_init                           0x08009875   Thumb Code  1718  bsp_robstride.o(i.robstride_init)
    robstride_move_control                   0x08009f45   Thumb Code    36  bsp_robstride.o(i.robstride_move_control)
    robstride_move_control_send              0x08009f69   Thumb Code    98  bsp_robstride.o(i.robstride_move_control_send)
    robstride_parameter_update               0x08009fd5   Thumb Code   224  bsp_robstride.o(i.robstride_parameter_update)
    robstride_pos_set_acceleration           0x0800a0b9   Thumb Code    38  bsp_robstride.o(i.robstride_pos_set_acceleration)
    robstride_pos_set_position               0x0800a0df   Thumb Code    38  bsp_robstride.o(i.robstride_pos_set_position)
    robstride_pos_set_velocity               0x0800a105   Thumb Code    38  bsp_robstride.o(i.robstride_pos_set_velocity)
    robstride_set_mode                       0x0800a12b   Thumb Code    32  bsp_robstride.o(i.robstride_set_mode)
    robstride_set_motor_parameter            0x0800a14d   Thumb Code   122  bsp_robstride.o(i.robstride_set_motor_parameter)
    robstride_speed_set_acceleration         0x0800a1d1   Thumb Code    38  bsp_robstride.o(i.robstride_speed_set_acceleration)
    robstride_speed_set_velocity             0x0800a1f7   Thumb Code    38  bsp_robstride.o(i.robstride_speed_set_velocity)
    spd_ctrl                                 0x0800a21d   Thumb Code    60  bsp_dm_drv.o(i.spd_ctrl)
    subcontrol_init                          0x0800a259   Thumb Code    38  bsp_subcontrol.o(i.subcontrol_init)
    subcontrol_receive                       0x0800a289   Thumb Code    76  bsp_subcontrol.o(i.subcontrol_receive)
    subcontrol_transmit                      0x0800a2d9   Thumb Code   114  bsp_subcontrol.o(i.subcontrol_transmit)
    uint_to_float                            0x0800a35d   Thumb Code    52  bsp_dm_drv.o(i.uint_to_float)
    vesc_init                                0x0800a391   Thumb Code    90  bsp_vesc.o(i.vesc_init)
    _fp_init                                 0x0800a3f1   Thumb Code    10  fpinit.o(x$fpl$fpinit)
    __fplib_config_fpu_vfp                   0x0800a3f9   Thumb Code     0  fpinit.o(x$fpl$fpinit)
    __fplib_config_pureend_doubles           0x0800a3f9   Thumb Code     0  fpinit.o(x$fpl$fpinit)
    UARTPrescTable                           0x0800a458   Data          24  stm32h7xx_hal_uart.o(.constdata)
    D1CorePrescTable                         0x0800a480   Data          16  system_stm32h7xx.o(.constdata)
    Region$$Table$$Base                      0x0800a490   Number         0  anon$$obj.o(Region$$Table)
    Region$$Table$$Limit                     0x0800a4b0   Number         0  anon$$obj.o(Region$$Table)
    uwTick                                   0x24000004   Data           4  stm32h7xx_hal.o(.data)
    uwTickPrio                               0x24000008   Data           4  stm32h7xx_hal.o(.data)
    uwTickFreq                               0x2400000c   Data           1  stm32h7xx_hal.o(.data)
    SystemCoreClock                          0x24000010   Data           4  system_stm32h7xx.o(.data)
    SystemD2Clock                            0x24000014   Data           4  system_stm32h7xx.o(.data)
    fdcan_tx_data_robstride                  0x24000020   Data           8  bsp_robstride.o(.data)
    fdcan_tx_data_vesc                       0x24000028   Data           4  bsp_vesc.o(.data)
    fdcan_tx_data_subcontrol                 0x2400002c   Data           8  bsp_subcontrol.o(.data)
    try                                      0x24000034   Data          16  bsp_subcontrol.o(.data)
    buffer                                   0x24000044   Data          10  main.o(.bss)
    USART1_RX_BUF                            0x2400004e   Data          10  main.o(.bss)
    USART2_RX_BUF                            0x24000058   Data          10  main.o(.bss)
    cnt                                      0x24000062   Data          10  main.o(.bss)
    hfdcan1                                  0x2400006c   Data         160  fdcan.o(.bss)
    hfdcan2                                  0x2400010c   Data         160  fdcan.o(.bss)
    hfdcan3                                  0x240001ac   Data         160  fdcan.o(.bss)
    hi2c1                                    0x2400024c   Data          84  i2c.o(.bss)
    hspi1                                    0x240002a0   Data         136  spi.o(.bss)
    hspi4                                    0x24000328   Data         136  spi.o(.bss)
    htim2                                    0x240003b0   Data          76  tim.o(.bss)
    htim3                                    0x240003fc   Data          76  tim.o(.bss)
    htim6                                    0x24000448   Data          76  tim.o(.bss)
    htim7                                    0x24000494   Data          76  tim.o(.bss)
    huart1                                   0x240004e0   Data         148  usart.o(.bss)
    huart2                                   0x24000574   Data         148  usart.o(.bss)
    huart3                                   0x24000608   Data         148  usart.o(.bss)
    huart10                                  0x2400069c   Data         148  usart.o(.bss)
    htim1                                    0x24000730   Data          76  stm32h7xx_hal_timebase_tim.o(.bss)
    motor_para                               0x2400077c   Data        1152  pid_model_system.o(.bss)
    rtDW                                     0x24000bfc   Data        1056  pid_model_system.o(.bss)
    rtU                                      0x2400101c   Data         576  pid_model_system.o(.bss)
    rtY                                      0x2400125c   Data         192  pid_model_system.o(.bss)
    fdcan_tx_header_dji                      0x2400131c   Data          36  bsp_dji.o(.bss)
    motor_dji                                0x24001340   Data         576  bsp_dji.o(.bss)
    fdcan_tx_header_dm                       0x24001580   Data          36  bsp_dm_ctrl.o(.bss)
    motor_dm                                 0x240015a4   Data        4352  bsp_dm_ctrl.o(.bss)
    fdcan_tx_header_robstride                0x240026a4   Data          36  bsp_robstride.o(.bss)
    motor_robstride                          0x240026c8   Data        3072  bsp_robstride.o(.bss)
    fdcan_tx_header_vesc                     0x240032c8   Data          36  bsp_vesc.o(.bss)
    motor_vesc                               0x240032ec   Data         704  bsp_vesc.o(.bss)
    subcontroller                            0x240035ac   Data          48  bsp_subcontrol.o(.bss)
    fdcan_tx_header_subcontrol               0x240035dc   Data          36  bsp_subcontrol.o(.bss)
    __libspace_start                         0x24003600   Data          96  libspace.o(.bss)
    __temporary_stack_top$libspace           0x24003660   Data           0  libspace.o(.bss)



==============================================================================

Memory Map of the image

  Image Entry point : 0x080002cd

  Load Region LR_IROM1 (Base: 0x08000000, Size: 0x0000a4f4, Max: 0x00080000, ABSOLUTE)

    Execution Region ER_IROM1 (Exec base: 0x08000000, Load base: 0x08000000, Size: 0x0000a4b0, Max: 0x00080000, ABSOLUTE)

    Exec Addr    Load Addr    Size         Type   Attr      Idx    E Section Name        Object

    0x08000000   0x08000000   0x000002cc   Data   RO            3    RESET               startup_stm32h723xx.o
    0x080002cc   0x080002cc   0x00000008   Code   RO         6537  * !!!main             c_w.l(__main.o)
    0x080002d4   0x080002d4   0x00000034   Code   RO         6706    !!!scatter          c_w.l(__scatter.o)
    0x08000308   0x08000308   0x0000001a   Code   RO         6708    !!handler_copy      c_w.l(__scatter_copy.o)
    0x08000322   0x08000322   0x00000002   PAD
    0x08000324   0x08000324   0x0000001c   Code   RO         6710    !!handler_zi        c_w.l(__scatter_zi.o)
    0x08000340   0x08000340   0x00000002   Code   RO         6574    .ARM.Collect$$libinit$$00000000  c_w.l(libinit.o)
    0x08000342   0x08000342   0x00000004   Code   RO         6586    .ARM.Collect$$libinit$$00000001  c_w.l(libinit2.o)
    0x08000346   0x08000346   0x00000000   Code   RO         6589    .ARM.Collect$$libinit$$00000004  c_w.l(libinit2.o)
    0x08000346   0x08000346   0x00000000   Code   RO         6592    .ARM.Collect$$libinit$$0000000A  c_w.l(libinit2.o)
    0x08000346   0x08000346   0x00000000   Code   RO         6594    .ARM.Collect$$libinit$$0000000C  c_w.l(libinit2.o)
    0x08000346   0x08000346   0x00000000   Code   RO         6596    .ARM.Collect$$libinit$$0000000E  c_w.l(libinit2.o)
    0x08000346   0x08000346   0x00000000   Code   RO         6599    .ARM.Collect$$libinit$$00000011  c_w.l(libinit2.o)
    0x08000346   0x08000346   0x00000000   Code   RO         6601    .ARM.Collect$$libinit$$00000013  c_w.l(libinit2.o)
    0x08000346   0x08000346   0x00000000   Code   RO         6603    .ARM.Collect$$libinit$$00000015  c_w.l(libinit2.o)
    0x08000346   0x08000346   0x00000000   Code   RO         6605    .ARM.Collect$$libinit$$00000017  c_w.l(libinit2.o)
    0x08000346   0x08000346   0x00000000   Code   RO         6607    .ARM.Collect$$libinit$$00000019  c_w.l(libinit2.o)
    0x08000346   0x08000346   0x00000000   Code   RO         6609    .ARM.Collect$$libinit$$0000001B  c_w.l(libinit2.o)
    0x08000346   0x08000346   0x00000000   Code   RO         6611    .ARM.Collect$$libinit$$0000001D  c_w.l(libinit2.o)
    0x08000346   0x08000346   0x00000000   Code   RO         6613    .ARM.Collect$$libinit$$0000001F  c_w.l(libinit2.o)
    0x08000346   0x08000346   0x00000000   Code   RO         6615    .ARM.Collect$$libinit$$00000021  c_w.l(libinit2.o)
    0x08000346   0x08000346   0x00000000   Code   RO         6617    .ARM.Collect$$libinit$$00000023  c_w.l(libinit2.o)
    0x08000346   0x08000346   0x00000000   Code   RO         6619    .ARM.Collect$$libinit$$00000025  c_w.l(libinit2.o)
    0x08000346   0x08000346   0x00000000   Code   RO         6623    .ARM.Collect$$libinit$$0000002C  c_w.l(libinit2.o)
    0x08000346   0x08000346   0x00000000   Code   RO         6625    .ARM.Collect$$libinit$$0000002E  c_w.l(libinit2.o)
    0x08000346   0x08000346   0x00000000   Code   RO         6627    .ARM.Collect$$libinit$$00000030  c_w.l(libinit2.o)
    0x08000346   0x08000346   0x00000000   Code   RO         6629    .ARM.Collect$$libinit$$00000032  c_w.l(libinit2.o)
    0x08000346   0x08000346   0x00000002   Code   RO         6630    .ARM.Collect$$libinit$$00000033  c_w.l(libinit2.o)
    0x08000348   0x08000348   0x00000002   Code   RO         6661    .ARM.Collect$$libshutdown$$00000000  c_w.l(libshutdown.o)
    0x0800034a   0x0800034a   0x00000000   Code   RO         6687    .ARM.Collect$$libshutdown$$00000002  c_w.l(libshutdown2.o)
    0x0800034a   0x0800034a   0x00000000   Code   RO         6689    .ARM.Collect$$libshutdown$$00000004  c_w.l(libshutdown2.o)
    0x0800034a   0x0800034a   0x00000000   Code   RO         6691    .ARM.Collect$$libshutdown$$00000006  c_w.l(libshutdown2.o)
    0x0800034a   0x0800034a   0x00000000   Code   RO         6694    .ARM.Collect$$libshutdown$$00000009  c_w.l(libshutdown2.o)
    0x0800034a   0x0800034a   0x00000000   Code   RO         6697    .ARM.Collect$$libshutdown$$0000000C  c_w.l(libshutdown2.o)
    0x0800034a   0x0800034a   0x00000000   Code   RO         6699    .ARM.Collect$$libshutdown$$0000000E  c_w.l(libshutdown2.o)
    0x0800034a   0x0800034a   0x00000000   Code   RO         6702    .ARM.Collect$$libshutdown$$00000011  c_w.l(libshutdown2.o)
    0x0800034a   0x0800034a   0x00000002   Code   RO         6703    .ARM.Collect$$libshutdown$$00000012  c_w.l(libshutdown2.o)
    0x0800034c   0x0800034c   0x00000000   Code   RO         6539    .ARM.Collect$$rtentry$$00000000  c_w.l(__rtentry.o)
    0x0800034c   0x0800034c   0x00000000   Code   RO         6545    .ARM.Collect$$rtentry$$00000002  c_w.l(__rtentry2.o)
    0x0800034c   0x0800034c   0x00000006   Code   RO         6557    .ARM.Collect$$rtentry$$00000004  c_w.l(__rtentry4.o)
    0x08000352   0x08000352   0x00000000   Code   RO         6547    .ARM.Collect$$rtentry$$00000009  c_w.l(__rtentry2.o)
    0x08000352   0x08000352   0x00000004   Code   RO         6548    .ARM.Collect$$rtentry$$0000000A  c_w.l(__rtentry2.o)
    0x08000356   0x08000356   0x00000000   Code   RO         6550    .ARM.Collect$$rtentry$$0000000C  c_w.l(__rtentry2.o)
    0x08000356   0x08000356   0x00000008   Code   RO         6551    .ARM.Collect$$rtentry$$0000000D  c_w.l(__rtentry2.o)
    0x0800035e   0x0800035e   0x00000002   Code   RO         6578    .ARM.Collect$$rtexit$$00000000  c_w.l(rtexit.o)
    0x08000360   0x08000360   0x00000000   Code   RO         6634    .ARM.Collect$$rtexit$$00000002  c_w.l(rtexit2.o)
    0x08000360   0x08000360   0x00000004   Code   RO         6635    .ARM.Collect$$rtexit$$00000003  c_w.l(rtexit2.o)
    0x08000364   0x08000364   0x00000006   Code   RO         6636    .ARM.Collect$$rtexit$$00000004  c_w.l(rtexit2.o)
    0x0800036a   0x0800036a   0x00000002   PAD
    0x0800036c   0x0800036c   0x00000040   Code   RO            4    .text               startup_stm32h723xx.o
    0x080003ac   0x080003ac   0x000000ee   Code   RO         6525    .text               c_w.l(lludivv7m.o)
    0x0800049a   0x0800049a   0x0000008a   Code   RO         6527    .text               c_w.l(rt_memcpy_v6.o)
    0x08000524   0x08000524   0x00000064   Code   RO         6529    .text               c_w.l(rt_memcpy_w.o)
    0x08000588   0x08000588   0x00000044   Code   RO         6531    .text               c_w.l(rt_memclr.o)
    0x080005cc   0x080005cc   0x0000004e   Code   RO         6533    .text               c_w.l(rt_memclr_w.o)
    0x0800061a   0x0800061a   0x00000006   Code   RO         6535    .text               c_w.l(heapauxi.o)
    0x08000620   0x08000620   0x0000004a   Code   RO         6561    .text               c_w.l(sys_stackheap_outer.o)
    0x0800066a   0x0800066a   0x00000012   Code   RO         6563    .text               c_w.l(exit.o)
    0x0800067c   0x0800067c   0x00000008   Code   RO         6575    .text               c_w.l(libspace.o)
    0x08000684   0x08000684   0x0000000c   Code   RO         6631    .text               c_w.l(sys_exit.o)
    0x08000690   0x08000690   0x00000002   Code   RO         6650    .text               c_w.l(use_no_semi.o)
    0x08000692   0x08000692   0x00000000   Code   RO         6652    .text               c_w.l(indicate_semi.o)
    0x08000692   0x08000692   0x00000004   Code   RO          562    i.BusFault_Handler  stm32h7xx_it.o
    0x08000696   0x08000696   0x0000002a   Code   RO         6413    i.CAN_bus_off_check_reset  bsp_vesc.o
    0x080006c0   0x080006c0   0x00000002   Code   RO          563    i.DebugMon_Handler  stm32h7xx_it.o
    0x080006c2   0x080006c2   0x00000006   Code   RO           13    i.Error_Handler     main.o
    0x080006c8   0x080006c8   0x00000010   Code   RO          564    i.FDCAN1_IT0_IRQHandler  stm32h7xx_it.o
    0x080006d8   0x080006d8   0x00000010   Code   RO          565    i.FDCAN1_IT1_IRQHandler  stm32h7xx_it.o
    0x080006e8   0x080006e8   0x00000010   Code   RO          566    i.FDCAN2_IT0_IRQHandler  stm32h7xx_it.o
    0x080006f8   0x080006f8   0x00000010   Code   RO          567    i.FDCAN2_IT1_IRQHandler  stm32h7xx_it.o
    0x08000708   0x08000708   0x00000010   Code   RO          568    i.FDCAN3_IT0_IRQHandler  stm32h7xx_it.o
    0x08000718   0x08000718   0x00000010   Code   RO          569    i.FDCAN3_IT1_IRQHandler  stm32h7xx_it.o
    0x08000728   0x08000728   0x00000220   Code   RO         3298    i.FDCAN_CalcultateRamBlockAddresses  stm32h7xx_hal_fdcan.o
    0x08000948   0x08000948   0x000000d0   Code   RO         3299    i.FDCAN_CopyMessageToRAM  stm32h7xx_hal_fdcan.o
    0x08000a18   0x08000a18   0x000004dc   Code   RO         1662    i.HAL_DMA_Abort     stm32h7xx_hal_dma.o
    0x08000ef4   0x08000ef4   0x00000398   Code   RO         1663    i.HAL_DMA_Abort_IT  stm32h7xx_hal_dma.o
    0x0800128c   0x0800128c   0x00000028   Code   RO         2359    i.HAL_Delay         stm32h7xx_hal.o
    0x080012b4   0x080012b4   0x000000a8   Code   RO         3301    i.HAL_FDCAN_ActivateNotification  stm32h7xx_hal_fdcan.o
    0x0800135c   0x0800135c   0x00000090   Code   RO         3303    i.HAL_FDCAN_AddMessageToTxFifoQ  stm32h7xx_hal_fdcan.o
    0x080013ec   0x080013ec   0x00000002   Code   RO         3304    i.HAL_FDCAN_ClockCalibrationCallback  stm32h7xx_hal_fdcan.o
    0x080013ee   0x080013ee   0x0000006c   Code   RO         3307    i.HAL_FDCAN_ConfigFifoWatermark  stm32h7xx_hal_fdcan.o
    0x0800145a   0x0800145a   0x000000a8   Code   RO         3308    i.HAL_FDCAN_ConfigFilter  stm32h7xx_hal_fdcan.o
    0x08001502   0x08001502   0x00000034   Code   RO         3309    i.HAL_FDCAN_ConfigGlobalFilter  stm32h7xx_hal_fdcan.o
    0x08001536   0x08001536   0x00000002   Code   RO         3330    i.HAL_FDCAN_ErrorCallback  stm32h7xx_hal_fdcan.o
    0x08001538   0x08001538   0x00000034   Code   RO         6414    i.HAL_FDCAN_ErrorStatusCallback  bsp_vesc.o
    0x0800156c   0x0800156c   0x0000004c   Code   RO         3340    i.HAL_FDCAN_GetProtocolStatus  stm32h7xx_hal_fdcan.o
    0x080015b8   0x080015b8   0x000001f4   Code   RO         3342    i.HAL_FDCAN_GetRxMessage  stm32h7xx_hal_fdcan.o
    0x080017ac   0x080017ac   0x00000002   Code   RO         3348    i.HAL_FDCAN_HighPriorityMessageCallback  stm32h7xx_hal_fdcan.o
    0x080017ae   0x080017ae   0x00000002   PAD
    0x080017b0   0x080017b0   0x000003d4   Code   RO         3349    i.HAL_FDCAN_IRQHandler  stm32h7xx_hal_fdcan.o
    0x08001b84   0x08001b84   0x000002e0   Code   RO         3350    i.HAL_FDCAN_Init    stm32h7xx_hal_fdcan.o
    0x08001e64   0x08001e64   0x00000244   Code   RO          280    i.HAL_FDCAN_MspInit  fdcan.o
    0x080020a8   0x080020a8   0x00000002   Code   RO         3359    i.HAL_FDCAN_RxBufferNewMessageCallback  stm32h7xx_hal_fdcan.o
    0x080020aa   0x080020aa   0x00000002   PAD
    0x080020ac   0x080020ac   0x00000040   Code   RO         6137    i.HAL_FDCAN_RxFifo0Callback  bsp_fdcan.o
    0x080020ec   0x080020ec   0x00000040   Code   RO         6138    i.HAL_FDCAN_RxFifo1Callback  bsp_fdcan.o
    0x0800212c   0x0800212c   0x00000034   Code   RO         3362    i.HAL_FDCAN_Start   stm32h7xx_hal_fdcan.o
    0x08002160   0x08002160   0x00000002   Code   RO         3384    i.HAL_FDCAN_TT_GlobalTimeCallback  stm32h7xx_hal_fdcan.o
    0x08002162   0x08002162   0x00000002   Code   RO         3385    i.HAL_FDCAN_TT_ScheduleSyncCallback  stm32h7xx_hal_fdcan.o
    0x08002164   0x08002164   0x00000002   Code   RO         3390    i.HAL_FDCAN_TT_StopWatchCallback  stm32h7xx_hal_fdcan.o
    0x08002166   0x08002166   0x00000002   Code   RO         3391    i.HAL_FDCAN_TT_TimeMarkCallback  stm32h7xx_hal_fdcan.o
    0x08002168   0x08002168   0x00000002   Code   RO         3392    i.HAL_FDCAN_TimeoutOccurredCallback  stm32h7xx_hal_fdcan.o
    0x0800216a   0x0800216a   0x00000002   Code   RO         3393    i.HAL_FDCAN_TimestampWraparoundCallback  stm32h7xx_hal_fdcan.o
    0x0800216c   0x0800216c   0x00000002   Code   RO         3394    i.HAL_FDCAN_TxBufferAbortCallback  stm32h7xx_hal_fdcan.o
    0x0800216e   0x0800216e   0x00000002   Code   RO         3395    i.HAL_FDCAN_TxBufferCompleteCallback  stm32h7xx_hal_fdcan.o
    0x08002170   0x08002170   0x00000002   Code   RO         3396    i.HAL_FDCAN_TxEventFifoCallback  stm32h7xx_hal_fdcan.o
    0x08002172   0x08002172   0x00000002   Code   RO         3397    i.HAL_FDCAN_TxFifoEmptyCallback  stm32h7xx_hal_fdcan.o
    0x08002174   0x08002174   0x000001f0   Code   RO         1510    i.HAL_GPIO_Init     stm32h7xx_hal_gpio.o
    0x08002364   0x08002364   0x00000014   Code   RO         1513    i.HAL_GPIO_TogglePin  stm32h7xx_hal_gpio.o
    0x08002378   0x08002378   0x0000000c   Code   RO         1514    i.HAL_GPIO_WritePin  stm32h7xx_hal_gpio.o
    0x08002384   0x08002384   0x0000000c   Code   RO         2375    i.HAL_GetTick       stm32h7xx_hal.o
    0x08002390   0x08002390   0x0000006a   Code   RO         3172    i.HAL_I2CEx_ConfigAnalogFilter  stm32h7xx_hal_i2c_ex.o
    0x080023fa   0x080023fa   0x00000068   Code   RO         3173    i.HAL_I2CEx_ConfigDigitalFilter  stm32h7xx_hal_i2c_ex.o
    0x08002462   0x08002462   0x00000002   PAD
    0x08002464   0x08002464   0x000000d8   Code   RO         2711    i.HAL_I2C_Init      stm32h7xx_hal_i2c.o
    0x0800253c   0x0800253c   0x0000009c   Code   RO          335    i.HAL_I2C_MspInit   i2c.o
    0x080025d8   0x080025d8   0x00000018   Code   RO         2381    i.HAL_IncTick       stm32h7xx_hal.o
    0x080025f0   0x080025f0   0x00000060   Code   RO         2382    i.HAL_Init          stm32h7xx_hal.o
    0x08002650   0x08002650   0x00000094   Code   RO          740    i.HAL_InitTick      stm32h7xx_hal_timebase_tim.o
    0x080026e4   0x080026e4   0x0000005c   Code   RO          780    i.HAL_MPU_ConfigRegion  stm32h7xx_hal_cortex.o
    0x08002740   0x08002740   0x0000002c   Code   RO          781    i.HAL_MPU_Disable   stm32h7xx_hal_cortex.o
    0x0800276c   0x0800276c   0x00000040   Code   RO          783    i.HAL_MPU_Enable    stm32h7xx_hal_cortex.o
    0x080027ac   0x080027ac   0x00000024   Code   RO          716    i.HAL_MspInit       stm32h7xx_hal_msp.o
    0x080027d0   0x080027d0   0x00000028   Code   RO          787    i.HAL_NVIC_EnableIRQ  stm32h7xx_hal_cortex.o
    0x080027f8   0x080027f8   0x0000007a   Code   RO          793    i.HAL_NVIC_SetPriority  stm32h7xx_hal_cortex.o
    0x08002872   0x08002872   0x00000002   PAD
    0x08002874   0x08002874   0x00000028   Code   RO          794    i.HAL_NVIC_SetPriorityGrouping  stm32h7xx_hal_cortex.o
    0x0800289c   0x0800289c   0x00000060   Code   RO         2111    i.HAL_PWREx_ConfigSupply  stm32h7xx_hal_pwr_ex.o
    0x080028fc   0x080028fc   0x00000024   Code   RO         1053    i.HAL_RCCEx_GetD3PCLK1Freq  stm32h7xx_hal_rcc_ex.o
    0x08002920   0x08002920   0x00000230   Code   RO         1055    i.HAL_RCCEx_GetPLL2ClockFreq  stm32h7xx_hal_rcc_ex.o
    0x08002b50   0x08002b50   0x00000230   Code   RO         1056    i.HAL_RCCEx_GetPLL3ClockFreq  stm32h7xx_hal_rcc_ex.o
    0x08002d80   0x08002d80   0x00000cc8   Code   RO         1062    i.HAL_RCCEx_PeriphCLKConfig  stm32h7xx_hal_rcc_ex.o
    0x08003a48   0x08003a48   0x00000320   Code   RO          938    i.HAL_RCC_ClockConfig  stm32h7xx_hal_rcc.o
    0x08003d68   0x08003d68   0x0000006c   Code   RO          942    i.HAL_RCC_GetClockConfig  stm32h7xx_hal_rcc.o
    0x08003dd4   0x08003dd4   0x0000004c   Code   RO          943    i.HAL_RCC_GetHCLKFreq  stm32h7xx_hal_rcc.o
    0x08003e20   0x08003e20   0x00000024   Code   RO          945    i.HAL_RCC_GetPCLK1Freq  stm32h7xx_hal_rcc.o
    0x08003e44   0x08003e44   0x00000024   Code   RO          946    i.HAL_RCC_GetPCLK2Freq  stm32h7xx_hal_rcc.o
    0x08003e68   0x08003e68   0x0000022c   Code   RO          947    i.HAL_RCC_GetSysClockFreq  stm32h7xx_hal_rcc.o
    0x08004094   0x08004094   0x0000075c   Code   RO          950    i.HAL_RCC_OscConfig  stm32h7xx_hal_rcc.o
    0x080047f0   0x080047f0   0x000001b0   Code   RO         3927    i.HAL_SPI_Init      stm32h7xx_hal_spi.o
    0x080049a0   0x080049a0   0x0000011c   Code   RO          377    i.HAL_SPI_MspInit   spi.o
    0x08004abc   0x08004abc   0x00000002   Code   RO         4977    i.HAL_TIMEx_Break2Callback  stm32h7xx_hal_tim_ex.o
    0x08004abe   0x08004abe   0x00000002   Code   RO         4978    i.HAL_TIMEx_BreakCallback  stm32h7xx_hal_tim_ex.o
    0x08004ac0   0x08004ac0   0x00000002   Code   RO         4979    i.HAL_TIMEx_CommutCallback  stm32h7xx_hal_tim_ex.o
    0x08004ac2   0x08004ac2   0x00000002   PAD
    0x08004ac4   0x08004ac4   0x000000e4   Code   RO         5000    i.HAL_TIMEx_MasterConfigSynchronization  stm32h7xx_hal_tim_ex.o
    0x08004ba8   0x08004ba8   0x0000006e   Code   RO         4252    i.HAL_TIM_Base_Init  stm32h7xx_hal_tim.o
    0x08004c16   0x08004c16   0x00000002   PAD
    0x08004c18   0x08004c18   0x0000007c   Code   RO          425    i.HAL_TIM_Base_MspInit  tim.o
    0x08004c94   0x08004c94   0x000000cc   Code   RO         4257    i.HAL_TIM_Base_Start_IT  stm32h7xx_hal_tim.o
    0x08004d60   0x08004d60   0x00000002   Code   RO         4286    i.HAL_TIM_IC_CaptureCallback  stm32h7xx_hal_tim.o
    0x08004d62   0x08004d62   0x00000198   Code   RO         4300    i.HAL_TIM_IRQHandler  stm32h7xx_hal_tim.o
    0x08004efa   0x08004efa   0x00000002   PAD
    0x08004efc   0x08004efc   0x000000dc   Code   RO          426    i.HAL_TIM_MspPostInit  tim.o
    0x08004fd8   0x08004fd8   0x00000002   Code   RO         4303    i.HAL_TIM_OC_DelayElapsedCallback  stm32h7xx_hal_tim.o
    0x08004fda   0x08004fda   0x00000170   Code   RO         4324    i.HAL_TIM_PWM_ConfigChannel  stm32h7xx_hal_tim.o
    0x0800514a   0x0800514a   0x0000006e   Code   RO         4327    i.HAL_TIM_PWM_Init  stm32h7xx_hal_tim.o
    0x080051b8   0x080051b8   0x00000054   Code   RO          428    i.HAL_TIM_PWM_MspInit  tim.o
    0x0800520c   0x0800520c   0x00000002   Code   RO         4330    i.HAL_TIM_PWM_PulseFinishedCallback  stm32h7xx_hal_tim.o
    0x0800520e   0x0800520e   0x00000002   PAD
    0x08005210   0x08005210   0x0000017c   Code   RO         4332    i.HAL_TIM_PWM_Start  stm32h7xx_hal_tim.o
    0x0800538c   0x0800538c   0x000000cc   Code   RO           14    i.HAL_TIM_PeriodElapsedCallback  main.o
    0x08005458   0x08005458   0x00000002   Code   RO         4343    i.HAL_TIM_TriggerCallback  stm32h7xx_hal_tim.o
    0x0800545a   0x0800545a   0x0000004e   Code   RO         5705    i.HAL_UARTEx_DisableFifoMode  stm32h7xx_hal_uart_ex.o
    0x080054a8   0x080054a8   0x00000002   Code   RO         5289    i.HAL_UARTEx_RxEventCallback  stm32h7xx_hal_uart.o
    0x080054aa   0x080054aa   0x00000002   Code   RO         5713    i.HAL_UARTEx_RxFifoFullCallback  stm32h7xx_hal_uart_ex.o
    0x080054ac   0x080054ac   0x0000005e   Code   RO         5714    i.HAL_UARTEx_SetRxFifoThreshold  stm32h7xx_hal_uart_ex.o
    0x0800550a   0x0800550a   0x0000005e   Code   RO         5715    i.HAL_UARTEx_SetTxFifoThreshold  stm32h7xx_hal_uart_ex.o
    0x08005568   0x08005568   0x00000002   Code   RO         5717    i.HAL_UARTEx_TxFifoEmptyCallback  stm32h7xx_hal_uart_ex.o
    0x0800556a   0x0800556a   0x00000002   Code   RO         5718    i.HAL_UARTEx_WakeupCallback  stm32h7xx_hal_uart_ex.o
    0x0800556c   0x0800556c   0x00000002   Code   RO         5305    i.HAL_UART_ErrorCallback  stm32h7xx_hal_uart.o
    0x0800556e   0x0800556e   0x00000002   PAD
    0x08005570   0x08005570   0x00000494   Code   RO         5308    i.HAL_UART_IRQHandler  stm32h7xx_hal_uart.o
    0x08005a04   0x08005a04   0x00000078   Code   RO         5309    i.HAL_UART_Init     stm32h7xx_hal_uart.o
    0x08005a7c   0x08005a7c   0x0000027c   Code   RO          503    i.HAL_UART_MspInit  usart.o
    0x08005cf8   0x08005cf8   0x0000005c   Code   RO         5314    i.HAL_UART_Receive_IT  stm32h7xx_hal_uart.o
    0x08005d54   0x08005d54   0x00000002   Code   RO           15    i.HAL_UART_RxCpltCallback  main.o
    0x08005d56   0x08005d56   0x00000002   Code   RO         5321    i.HAL_UART_TxCpltCallback  stm32h7xx_hal_uart.o
    0x08005d58   0x08005d58   0x00000004   Code   RO          570    i.HardFault_Handler  stm32h7xx_it.o
    0x08005d5c   0x08005d5c   0x00000056   Code   RO           16    i.MPU_Config        main.o
    0x08005db2   0x08005db2   0x00000002   PAD
    0x08005db4   0x08005db4   0x00000080   Code   RO          281    i.MX_FDCAN1_Init    fdcan.o
    0x08005e34   0x08005e34   0x00000080   Code   RO          282    i.MX_FDCAN2_Init    fdcan.o
    0x08005eb4   0x08005eb4   0x00000080   Code   RO          283    i.MX_FDCAN3_Init    fdcan.o
    0x08005f34   0x08005f34   0x00000104   Code   RO          255    i.MX_GPIO_Init      gpio.o
    0x08006038   0x08006038   0x00000058   Code   RO          336    i.MX_I2C1_Init      i2c.o
    0x08006090   0x08006090   0x00000060   Code   RO          378    i.MX_SPI1_Init      spi.o
    0x080060f0   0x080060f0   0x00000058   Code   RO          379    i.MX_SPI4_Init      spi.o
    0x08006148   0x08006148   0x000000b0   Code   RO          429    i.MX_TIM2_Init      tim.o
    0x080061f8   0x080061f8   0x000000b4   Code   RO          430    i.MX_TIM3_Init      tim.o
    0x080062ac   0x080062ac   0x0000004c   Code   RO          431    i.MX_TIM6_Init      tim.o
    0x080062f8   0x080062f8   0x0000004c   Code   RO          432    i.MX_TIM7_Init      tim.o
    0x08006344   0x08006344   0x0000006c   Code   RO          504    i.MX_USART10_UART_Init  usart.o
    0x080063b0   0x080063b0   0x0000006c   Code   RO          505    i.MX_USART1_UART_Init  usart.o
    0x0800641c   0x0800641c   0x0000006c   Code   RO          506    i.MX_USART2_UART_Init  usart.o
    0x08006488   0x08006488   0x0000006c   Code   RO          507    i.MX_USART3_UART_Init  usart.o
    0x080064f4   0x080064f4   0x00000004   Code   RO          571    i.MemManage_Handler  stm32h7xx_it.o
    0x080064f8   0x080064f8   0x00000004   Code   RO          572    i.NMI_Handler       stm32h7xx_it.o
    0x080064fc   0x080064fc   0x00000044   Code   RO         5862    i.PID_MODEL_SYSTEM_initialize  pid_model_system.o
    0x08006540   0x08006540   0x00000714   Code   RO         5863    i.PID_MODEL_SYSTEM_step  pid_model_system.o
    0x08006c54   0x08006c54   0x00000002   Code   RO          573    i.PendSV_Handler    stm32h7xx_it.o
    0x08006c56   0x08006c56   0x00000002   PAD
    0x08006c58   0x08006c58   0x00000164   Code   RO         1065    i.RCCEx_PLL2_Config  stm32h7xx_hal_rcc_ex.o
    0x08006dbc   0x08006dbc   0x00000164   Code   RO         1066    i.RCCEx_PLL3_Config  stm32h7xx_hal_rcc_ex.o
    0x08006f20   0x08006f20   0x0000001a   Code   RO         3958    i.SPI_GetPacketSize  stm32h7xx_hal_spi.o
    0x08006f3a   0x08006f3a   0x00000002   Code   RO          574    i.SVC_Handler       stm32h7xx_it.o
    0x08006f3c   0x08006f3c   0x00000002   Code   RO          575    i.SysTick_Handler   stm32h7xx_it.o
    0x08006f3e   0x08006f3e   0x00000002   PAD
    0x08006f40   0x08006f40   0x000000bc   Code   RO           18    i.SystemClock_Config  main.o
    0x08006ffc   0x08006ffc   0x000000e0   Code   RO         5829    i.SystemInit        system_stm32h7xx.o
    0x080070dc   0x080070dc   0x00000010   Code   RO          576    i.TIM1_UP_IRQHandler  stm32h7xx_it.o
    0x080070ec   0x080070ec   0x00000010   Code   RO          577    i.TIM6_DAC_IRQHandler  stm32h7xx_it.o
    0x080070fc   0x080070fc   0x00000010   Code   RO          578    i.TIM7_IRQHandler   stm32h7xx_it.o
    0x0800710c   0x0800710c   0x000000f0   Code   RO         4345    i.TIM_Base_SetConfig  stm32h7xx_hal_tim.o
    0x080071fc   0x080071fc   0x00000022   Code   RO         4346    i.TIM_CCxChannelCmd  stm32h7xx_hal_tim.o
    0x0800721e   0x0800721e   0x00000002   PAD
    0x08007220   0x08007220   0x000000ac   Code   RO         4358    i.TIM_OC1_SetConfig  stm32h7xx_hal_tim.o
    0x080072cc   0x080072cc   0x000000b4   Code   RO         4359    i.TIM_OC2_SetConfig  stm32h7xx_hal_tim.o
    0x08007380   0x08007380   0x000000b4   Code   RO         4360    i.TIM_OC3_SetConfig  stm32h7xx_hal_tim.o
    0x08007434   0x08007434   0x00000074   Code   RO         4361    i.TIM_OC4_SetConfig  stm32h7xx_hal_tim.o
    0x080074a8   0x080074a8   0x00000070   Code   RO         4362    i.TIM_OC5_SetConfig  stm32h7xx_hal_tim.o
    0x08007518   0x08007518   0x00000070   Code   RO         4363    i.TIM_OC6_SetConfig  stm32h7xx_hal_tim.o
    0x08007588   0x08007588   0x00000058   Code   RO         5719    i.UARTEx_SetNbDataToProcess  stm32h7xx_hal_uart_ex.o
    0x080075e0   0x080075e0   0x000000f8   Code   RO         5323    i.UART_AdvFeatureConfig  stm32h7xx_hal_uart.o
    0x080076d8   0x080076d8   0x000000ea   Code   RO         5324    i.UART_CheckIdleState  stm32h7xx_hal_uart.o
    0x080077c2   0x080077c2   0x00000018   Code   RO         5325    i.UART_DMAAbortOnError  stm32h7xx_hal_uart.o
    0x080077da   0x080077da   0x00000002   PAD
    0x080077dc   0x080077dc   0x0000006c   Code   RO         5335    i.UART_EndRxTransfer  stm32h7xx_hal_uart.o
    0x08007848   0x08007848   0x00000030   Code   RO         5336    i.UART_EndTransmit_IT  stm32h7xx_hal_uart.o
    0x08007878   0x08007878   0x00000104   Code   RO         5338    i.UART_RxISR_16BIT  stm32h7xx_hal_uart.o
    0x0800797c   0x0800797c   0x000001fc   Code   RO         5339    i.UART_RxISR_16BIT_FIFOEN  stm32h7xx_hal_uart.o
    0x08007b78   0x08007b78   0x00000104   Code   RO         5340    i.UART_RxISR_8BIT   stm32h7xx_hal_uart.o
    0x08007c7c   0x08007c7c   0x000001f8   Code   RO         5341    i.UART_RxISR_8BIT_FIFOEN  stm32h7xx_hal_uart.o
    0x08007e74   0x08007e74   0x00000628   Code   RO         5342    i.UART_SetConfig    stm32h7xx_hal_uart.o
    0x0800849c   0x0800849c   0x0000015c   Code   RO         5344    i.UART_Start_Receive_IT  stm32h7xx_hal_uart.o
    0x080085f8   0x080085f8   0x000000ac   Code   RO         5349    i.UART_WaitOnFlagUntilTimeout  stm32h7xx_hal_uart.o
    0x080086a4   0x080086a4   0x00000010   Code   RO          579    i.USART10_IRQHandler  stm32h7xx_it.o
    0x080086b4   0x080086b4   0x00000010   Code   RO          580    i.USART1_IRQHandler  stm32h7xx_it.o
    0x080086c4   0x080086c4   0x00000010   Code   RO          581    i.USART2_IRQHandler  stm32h7xx_it.o
    0x080086d4   0x080086d4   0x00000010   Code   RO          582    i.USART3_IRQHandler  stm32h7xx_it.o
    0x080086e4   0x080086e4   0x00000004   Code   RO          583    i.UsageFault_Handler  stm32h7xx_it.o
    0x080086e8   0x080086e8   0x00000058   Code   RO         6416    i.VescStop          bsp_vesc.o
    0x08008740   0x08008740   0x00000010   Code   RO          800    i.__NVIC_GetPriorityGrouping  stm32h7xx_hal_cortex.o
    0x08008750   0x08008750   0x00000028   Code   RO          801    i.__NVIC_SetPriority  stm32h7xx_hal_cortex.o
    0x08008778   0x08008778   0x00000034   Code   RO         5896    i.circle_cc_dji     bsp_dji.o
    0x080087ac   0x080087ac   0x00000024   Code   RO         6244    i.delay_us          bsp_robstride.o
    0x080087d0   0x080087d0   0x000000a2   Code   RO         5942    i.dm_motor_ctrl_send  bsp_dm_ctrl.o
    0x08008872   0x08008872   0x00000056   Code   RO         5944    i.dm_motor_enable   bsp_dm_ctrl.o
    0x080088c8   0x080088c8   0x00000050   Code   RO         5945    i.dm_motor_init     bsp_dm_ctrl.o
    0x08008918   0x08008918   0x00000042   Code   RO         6021    i.enable_motor_mode  bsp_dm_drv.o
    0x0800895a   0x0800895a   0x00000002   PAD
    0x0800895c   0x0800895c   0x00000064   Code   RO         6139    i.fdcan_all_init_start  bsp_fdcan.o
    0x080089c0   0x080089c0   0x00000098   Code   RO         6140    i.fdcan_fifo0_rx_callback  bsp_fdcan.o
    0x08008a58   0x08008a58   0x000000c0   Code   RO         6141    i.fdcan_fifo1_rx_callback  bsp_fdcan.o
    0x08008b18   0x08008b18   0x00000040   Code   RO         6142    i.fdcan_filter_init  bsp_fdcan.o
    0x08008b58   0x08008b58   0x00000042   Code   RO         6417    i.fdcan_filter_init_vesc  bsp_vesc.o
    0x08008b9a   0x08008b9a   0x00000002   PAD
    0x08008b9c   0x08008b9c   0x0000006c   Code   RO         5897    i.fdcan_send_dji    bsp_dji.o
    0x08008c08   0x08008c08   0x0000009c   Code   RO         5947    i.fdcan_send_dm     bsp_dm_ctrl.o
    0x08008ca4   0x08008ca4   0x0000004c   Code   RO         6418    i.fdcan_send_vesc   bsp_vesc.o
    0x08008cf0   0x08008cf0   0x00000032   Code   RO         6022    i.float_to_uint     bsp_dm_drv.o
    0x08008d22   0x08008d22   0x00000002   PAD
    0x08008d24   0x08008d24   0x00000160   Code   RO           19    i.main              main.o
    0x08008e84   0x08008e84   0x00000110   Code   RO         6198    i.matlab_motor_inport_update  bsp_matlab_ctrl.o
    0x08008f94   0x08008f94   0x000000d8   Code   RO         6199    i.matlab_motor_outport_update  bsp_matlab_ctrl.o
    0x0800906c   0x0800906c   0x000000f0   Code   RO         6200    i.matlab_motor_para_init  bsp_matlab_ctrl.o
    0x0800915c   0x0800915c   0x0000011c   Code   RO         6023    i.mit_ctrl          bsp_dm_drv.o
    0x08009278   0x08009278   0x00000032   Code   RO         5898    i.motor_update_dji  bsp_dji.o
    0x080092aa   0x080092aa   0x000000b6   Code   RO         5949    i.motor_update_dm   bsp_dm_ctrl.o
    0x08009360   0x08009360   0x000000d8   Code   RO         6419    i.motor_update_vesc  bsp_vesc.o
    0x08009438   0x08009438   0x0000005c   Code   RO         6024    i.pos_ctrl          bsp_dm_drv.o
    0x08009494   0x08009494   0x00000076   Code   RO         6025    i.psi_ctrl          bsp_dm_drv.o
    0x0800950a   0x0800950a   0x000000ec   Code   RO         6246    i.robstride_command_update  bsp_robstride.o
    0x080095f6   0x080095f6   0x00000002   PAD
    0x080095f8   0x080095f8   0x00000078   Code   RO         6247    i.robstride_command_update_all  bsp_robstride.o
    0x08009670   0x08009670   0x00000026   Code   RO         6248    i.robstride_csp_set_position  bsp_robstride.o
    0x08009696   0x08009696   0x00000026   Code   RO         6249    i.robstride_csp_set_velocity  bsp_robstride.o
    0x080096bc   0x080096bc   0x00000026   Code   RO         6250    i.robstride_current_set_current  bsp_robstride.o
    0x080096e2   0x080096e2   0x00000002   PAD
    0x080096e4   0x080096e4   0x00000048   Code   RO         6252    i.robstride_disable  bsp_robstride.o
    0x0800972c   0x0800972c   0x00000048   Code   RO         6253    i.robstride_enable  bsp_robstride.o
    0x08009774   0x08009774   0x00000100   Code   RO         6255    i.robstride_info_update  bsp_robstride.o
    0x08009874   0x08009874   0x000006d0   Code   RO         6256    i.robstride_init    bsp_robstride.o
    0x08009f44   0x08009f44   0x00000024   Code   RO         6257    i.robstride_move_control  bsp_robstride.o
    0x08009f68   0x08009f68   0x0000006c   Code   RO         6258    i.robstride_move_control_send  bsp_robstride.o
    0x08009fd4   0x08009fd4   0x000000e4   Code   RO         6259    i.robstride_parameter_update  bsp_robstride.o
    0x0800a0b8   0x0800a0b8   0x00000026   Code   RO         6260    i.robstride_pos_set_acceleration  bsp_robstride.o
    0x0800a0de   0x0800a0de   0x00000026   Code   RO         6261    i.robstride_pos_set_position  bsp_robstride.o
    0x0800a104   0x0800a104   0x00000026   Code   RO         6262    i.robstride_pos_set_velocity  bsp_robstride.o
    0x0800a12a   0x0800a12a   0x00000020   Code   RO         6263    i.robstride_set_mode  bsp_robstride.o
    0x0800a14a   0x0800a14a   0x00000002   PAD
    0x0800a14c   0x0800a14c   0x00000084   Code   RO         6264    i.robstride_set_motor_parameter  bsp_robstride.o
    0x0800a1d0   0x0800a1d0   0x00000026   Code   RO         6266    i.robstride_speed_set_acceleration  bsp_robstride.o
    0x0800a1f6   0x0800a1f6   0x00000026   Code   RO         6267    i.robstride_speed_set_velocity  bsp_robstride.o
    0x0800a21c   0x0800a21c   0x0000003c   Code   RO         6031    i.spd_ctrl          bsp_dm_drv.o
    0x0800a258   0x0800a258   0x00000030   Code   RO         6483    i.subcontrol_init   bsp_subcontrol.o
    0x0800a288   0x0800a288   0x00000050   Code   RO         6484    i.subcontrol_receive  bsp_subcontrol.o
    0x0800a2d8   0x0800a2d8   0x00000084   Code   RO         6485    i.subcontrol_transmit  bsp_subcontrol.o
    0x0800a35c   0x0800a35c   0x00000034   Code   RO         6032    i.uint_to_float     bsp_dm_drv.o
    0x0800a390   0x0800a390   0x00000060   Code   RO         6420    i.vesc_init         bsp_vesc.o
    0x0800a3f0   0x0800a3f0   0x0000000a   Code   RO         6646    x$fpl$fpinit        fz_wv.l(fpinit.o)
    0x0800a3fa   0x0800a3fa   0x00000002   PAD
    0x0800a3fc   0x0800a3fc   0x0000005c   Data   RO         3398    .constdata          stm32h7xx_hal_fdcan.o
    0x0800a458   0x0800a458   0x00000018   Data   RO         5350    .constdata          stm32h7xx_hal_uart.o
    0x0800a470   0x0800a470   0x00000010   Data   RO         5721    .constdata          stm32h7xx_hal_uart_ex.o
    0x0800a480   0x0800a480   0x00000010   Data   RO         5830    .constdata          system_stm32h7xx.o
    0x0800a490   0x0800a490   0x00000020   Data   RO         6704    Region$$Table       anon$$obj.o


    Execution Region RW_IRAM1 (Exec base: 0x20000000, Load base: 0x0800a4b0, Size: 0x00000000, Max: 0x00020000, ABSOLUTE)

    **** No section assigned to this execution region ****


    Execution Region RW_IRAM2 (Exec base: 0x24000000, Load base: 0x0800a4b0, Size: 0x00003c60, Max: 0x00050000, ABSOLUTE)

    Exec Addr    Load Addr    Size         Type   Attr      Idx    E Section Name        Object

    0x24000000   0x0800a4b0   0x00000004   Data   RW          285    .data               fdcan.o
    0x24000004   0x0800a4b4   0x00000009   Data   RW         2406    .data               stm32h7xx_hal.o
    0x2400000d   0x0800a4bd   0x00000003   PAD
    0x24000010   0x0800a4c0   0x00000008   Data   RW         5831    .data               system_stm32h7xx.o
    0x24000018   0x0800a4c8   0x00000008   Data   RW         5900    .data               bsp_dji.o
    0x24000020   0x0800a4d0   0x00000008   Data   RW         6269    .data               bsp_robstride.o
    0x24000028   0x0800a4d8   0x00000004   Data   RW         6422    .data               bsp_vesc.o
    0x2400002c   0x0800a4dc   0x00000018   Data   RW         6487    .data               bsp_subcontrol.o
    0x24000044        -       0x00000028   Zero   RW           20    .bss                main.o
    0x2400006c        -       0x000001e0   Zero   RW          284    .bss                fdcan.o
    0x2400024c        -       0x00000054   Zero   RW          337    .bss                i2c.o
    0x240002a0        -       0x00000110   Zero   RW          380    .bss                spi.o
    0x240003b0        -       0x00000130   Zero   RW          433    .bss                tim.o
    0x240004e0        -       0x00000250   Zero   RW          508    .bss                usart.o
    0x24000730        -       0x0000004c   Zero   RW          743    .bss                stm32h7xx_hal_timebase_tim.o
    0x2400077c        -       0x00000ba0   Zero   RW         5864    .bss                pid_model_system.o
    0x2400131c        -       0x00000264   Zero   RW         5899    .bss                bsp_dji.o
    0x24001580        -       0x00001124   Zero   RW         5950    .bss                bsp_dm_ctrl.o
    0x240026a4        -       0x00000c24   Zero   RW         6268    .bss                bsp_robstride.o
    0x240032c8        -       0x000002e4   Zero   RW         6421    .bss                bsp_vesc.o
    0x240035ac        -       0x00000054   Zero   RW         6486    .bss                bsp_subcontrol.o
    0x24003600        -       0x00000060   Zero   RW         6576    .bss                c_w.l(libspace.o)
    0x24003660        -       0x00000200   Zero   RW            2    HEAP                startup_stm32h723xx.o
    0x24003860        -       0x00000400   Zero   RW            1    STACK               startup_stm32h723xx.o


==============================================================================

Image component sizes


      Code (inc. data)   RO Data    RW Data    ZI Data      Debug   Object Name

       210         16          0          8        612       3752   bsp_dji.o
       666         10          0          0       4388       6475   bsp_dm_ctrl.o
       722         10          0          0          0       6272   bsp_dm_drv.o
       636         58          0          0          0      10175   bsp_fdcan.o
       728         52          0          0          0       3232   bsp_matlab_ctrl.o
      3376        146          0          8       3108      15661   bsp_robstride.o
       260         32          0         24         84       3349   bsp_subcontrol.o
       636         34          0          4        740       5397   bsp_vesc.o
       964         58          0          4        480       3553   fdcan.o
       260         12          0          0          0       1179   gpio.o
       244         26          0          0         84       1861   i2c.o
       838         86          0          0         40    1252052   main.o
      1880         74          0          0       2976       9695   pid_model_system.o
       468         40          0          0        272       2542   spi.o
        64         26        716          0       1536        844   startup_stm32h723xx.o
       172         34          0          9          0      22990   stm32h7xx_hal.o
       458         40          0          0          0      41544   stm32h7xx_hal_cortex.o
      2164         34          0          0          0       4427   stm32h7xx_hal_dma.o
      3764         54         92          0          0      23650   stm32h7xx_hal_fdcan.o
       528         50          0          0          0       2877   stm32h7xx_hal_gpio.o
       216          4          0          0          0       2891   stm32h7xx_hal_i2c.o
       210          0          0          0          0       2079   stm32h7xx_hal_i2c_ex.o
        36          4          0          0          0        938   stm32h7xx_hal_msp.o
        96          6          0          0          0        777   stm32h7xx_hal_pwr_ex.o
      3496        120          0          0          0       7609   stm32h7xx_hal_rcc.o
      5140        112          0          0          0       7345   stm32h7xx_hal_rcc_ex.o
       458         12          0          0          0       2167   stm32h7xx_hal_spi.o
      2734        284          0          0          0      14030   stm32h7xx_hal_tim.o
       234         38          0          0          0       3312   stm32h7xx_hal_tim_ex.o
       148         20          0          0         76       1607   stm32h7xx_hal_timebase_tim.o
      5680        210         24          0          0      37506   stm32h7xx_hal_uart.o
       360         10         16          0          0       5578   stm32h7xx_hal_uart_ex.o
       236         78          0          0          0      10720   stm32h7xx_it.o
       224         32         16          8          0       1406   system_stm32h7xx.o
       936         70          0          0        304       5177   tim.o
      1068         76          0          0        592       4123   usart.o

    ----------------------------------------------------------------------
     40350       1968        896         68      15292    1528792   Object Totals
         0          0         32          0          0          0   (incl. Generated)
        40          0          0          3          0          0   (incl. Padding)

    ----------------------------------------------------------------------

      Code (inc. data)   RO Data    RW Data    ZI Data      Debug   Library Member Name

         8          0          0          0          0         68   __main.o
         0          0          0          0          0          0   __rtentry.o
        12          0          0          0          0          0   __rtentry2.o
         6          0          0          0          0          0   __rtentry4.o
        52          8          0          0          0          0   __scatter.o
        26          0          0          0          0          0   __scatter_copy.o
        28          0          0          0          0          0   __scatter_zi.o
        18          0          0          0          0         80   exit.o
         6          0          0          0          0        152   heapauxi.o
         0          0          0          0          0          0   indicate_semi.o
         2          0          0          0          0          0   libinit.o
         6          0          0          0          0          0   libinit2.o
         2          0          0          0          0          0   libshutdown.o
         2          0          0          0          0          0   libshutdown2.o
         8          4          0          0         96         68   libspace.o
       238          0          0          0          0        100   lludivv7m.o
        68          0          0          0          0         68   rt_memclr.o
        78          0          0          0          0         80   rt_memclr_w.o
       138          0          0          0          0         68   rt_memcpy_v6.o
       100          0          0          0          0         80   rt_memcpy_w.o
         2          0          0          0          0          0   rtexit.o
        10          0          0          0          0          0   rtexit2.o
        12          4          0          0          0         68   sys_exit.o
        74          0          0          0          0         80   sys_stackheap_outer.o
         2          0          0          0          0         68   use_no_semi.o
        10          0          0          0          0        116   fpinit.o

    ----------------------------------------------------------------------
       914         16          0          0         96       1096   Library Totals
         6          0          0          0          0          0   (incl. Padding)

    ----------------------------------------------------------------------

      Code (inc. data)   RO Data    RW Data    ZI Data      Debug   Library Name

       898         16          0          0         96        980   c_w.l
        10          0          0          0          0        116   fz_wv.l

    ----------------------------------------------------------------------
       914         16          0          0         96       1096   Library Totals

    ----------------------------------------------------------------------

==============================================================================


      Code (inc. data)   RO Data    RW Data    ZI Data      Debug   

     41264       1984        896         68      15388    1509172   Grand Totals
     41264       1984        896         68      15388    1509172   ELF Image Totals
     41264       1984        896         68          0          0   ROM Totals

==============================================================================

    Total RO  Size (Code + RO Data)                42160 (  41.17kB)
    Total RW  Size (RW Data + ZI Data)             15456 (  15.09kB)
    Total ROM Size (Code + RO Data + RW Data)      42228 (  41.24kB)

==============================================================================

